<?xml version="1.0" encoding="ISO-8859-1" ?>
<link_info>
   <banner>TI ARM Linker PC v20.2.7.LTS</banner>
   <copyright>Copyright (c) 1996-2018 Texas Instruments Incorporated</copyright>
   <link_time>0x64618354</link_time>
   <link_errors>0x0</link_errors>
   <output_file>ece230finalProjectEthanTaylor.out</output_file>
   <entry_point>
      <name>_c_int00_noargs</name>
      <address>0x3345</address>
   </entry_point>
   <input_file_list>
      <input_file id="fl-2">
         <path>.\</path>
         <kind>object</kind>
         <file>csHFXT.obj</file>
         <name>csHFXT.obj</name>
      </input_file>
      <input_file id="fl-3">
         <path>.\</path>
         <kind>object</kind>
         <file>csLFXT.obj</file>
         <name>csLFXT.obj</name>
      </input_file>
      <input_file id="fl-4">
         <path>.\</path>
         <kind>object</kind>
         <file>lcd.obj</file>
         <name>lcd.obj</name>
      </input_file>
      <input_file id="fl-5">
         <path>.\</path>
         <kind>object</kind>
         <file>potToDigConvert.obj</file>
         <name>potToDigConvert.obj</name>
      </input_file>
      <input_file id="fl-6">
         <path>.\</path>
         <kind>object</kind>
         <file>projectMain.obj</file>
         <name>projectMain.obj</name>
      </input_file>
      <input_file id="fl-7">
         <path>.\</path>
         <kind>object</kind>
         <file>servoDriver.obj</file>
         <name>servoDriver.obj</name>
      </input_file>
      <input_file id="fl-8">
         <path>.\</path>
         <kind>object</kind>
         <file>speaker.obj</file>
         <name>speaker.obj</name>
      </input_file>
      <input_file id="fl-9">
         <path>.\</path>
         <kind>object</kind>
         <file>startup_msp432p4011_ccs.obj</file>
         <name>startup_msp432p4011_ccs.obj</name>
      </input_file>
      <input_file id="fl-a">
         <path>.\</path>
         <kind>object</kind>
         <file>sysTickDelays.obj</file>
         <name>sysTickDelays.obj</name>
      </input_file>
      <input_file id="fl-b">
         <path>.\</path>
         <kind>object</kind>
         <file>system_msp432p4011.obj</file>
         <name>system_msp432p4011.obj</name>
      </input_file>
      <input_file id="fl-f">
         <kind>object</kind>
         <file>&lt;internal&gt;</file>
         <name>&lt;internal&gt;</name>
      </input_file>
      <input_file id="fl-c5">
         <path>C:\ti\ccs1230\ccs\tools\compiler\ti-cgt-arm_20.2.7.LTS\lib\</path>
         <kind>archive</kind>
         <file>rtsv7M4_T_le_v4SPD16_eabi.lib</file>
         <name>printf.c.obj</name>
      </input_file>
      <input_file id="fl-c6">
         <path>C:\ti\ccs1230\ccs\tools\compiler\ti-cgt-arm_20.2.7.LTS\lib\</path>
         <kind>archive</kind>
         <file>rtsv7M4_T_le_v4SPD16_eabi.lib</file>
         <name>_printfi.c.obj</name>
      </input_file>
      <input_file id="fl-c7">
         <path>C:\ti\ccs1230\ccs\tools\compiler\ti-cgt-arm_20.2.7.LTS\lib\</path>
         <kind>archive</kind>
         <file>rtsv7M4_T_le_v4SPD16_eabi.lib</file>
         <name>sprintf.c.obj</name>
      </input_file>
      <input_file id="fl-c8">
         <path>C:\ti\ccs1230\ccs\tools\compiler\ti-cgt-arm_20.2.7.LTS\lib\</path>
         <kind>archive</kind>
         <file>rtsv7M4_T_le_v4SPD16_eabi.lib</file>
         <name>fputc.c.obj</name>
      </input_file>
      <input_file id="fl-c9">
         <path>C:\ti\ccs1230\ccs\tools\compiler\ti-cgt-arm_20.2.7.LTS\lib\</path>
         <kind>archive</kind>
         <file>rtsv7M4_T_le_v4SPD16_eabi.lib</file>
         <name>fputs.c.obj</name>
      </input_file>
      <input_file id="fl-ca">
         <path>C:\ti\ccs1230\ccs\tools\compiler\ti-cgt-arm_20.2.7.LTS\lib\</path>
         <kind>archive</kind>
         <file>rtsv7M4_T_le_v4SPD16_eabi.lib</file>
         <name>_io_perm.c.obj</name>
      </input_file>
      <input_file id="fl-cb">
         <path>C:\ti\ccs1230\ccs\tools\compiler\ti-cgt-arm_20.2.7.LTS\lib\</path>
         <kind>archive</kind>
         <file>rtsv7M4_T_le_v4SPD16_eabi.lib</file>
         <name>setvbuf.c.obj</name>
      </input_file>
      <input_file id="fl-cc">
         <path>C:\ti\ccs1230\ccs\tools\compiler\ti-cgt-arm_20.2.7.LTS\lib\</path>
         <kind>archive</kind>
         <file>rtsv7M4_T_le_v4SPD16_eabi.lib</file>
         <name>fd_add_t2.asm.obj</name>
      </input_file>
      <input_file id="fl-cd">
         <path>C:\ti\ccs1230\ccs\tools\compiler\ti-cgt-arm_20.2.7.LTS\lib\</path>
         <kind>archive</kind>
         <file>rtsv7M4_T_le_v4SPD16_eabi.lib</file>
         <name>fd_cmp_t2.asm.obj</name>
      </input_file>
      <input_file id="fl-ce">
         <path>C:\ti\ccs1230\ccs\tools\compiler\ti-cgt-arm_20.2.7.LTS\lib\</path>
         <kind>archive</kind>
         <file>rtsv7M4_T_le_v4SPD16_eabi.lib</file>
         <name>fd_div_t2.asm.obj</name>
      </input_file>
      <input_file id="fl-cf">
         <path>C:\ti\ccs1230\ccs\tools\compiler\ti-cgt-arm_20.2.7.LTS\lib\</path>
         <kind>archive</kind>
         <file>rtsv7M4_T_le_v4SPD16_eabi.lib</file>
         <name>fd_mul_t2.asm.obj</name>
      </input_file>
      <input_file id="fl-d0">
         <path>C:\ti\ccs1230\ccs\tools\compiler\ti-cgt-arm_20.2.7.LTS\lib\</path>
         <kind>archive</kind>
         <file>rtsv7M4_T_le_v4SPD16_eabi.lib</file>
         <name>fd_toi_t2.asm.obj</name>
      </input_file>
      <input_file id="fl-d1">
         <path>C:\ti\ccs1230\ccs\tools\compiler\ti-cgt-arm_20.2.7.LTS\lib\</path>
         <kind>archive</kind>
         <file>rtsv7M4_T_le_v4SPD16_eabi.lib</file>
         <name>i_tofd_t2.asm.obj</name>
      </input_file>
      <input_file id="fl-d2">
         <path>C:\ti\ccs1230\ccs\tools\compiler\ti-cgt-arm_20.2.7.LTS\lib\</path>
         <kind>archive</kind>
         <file>rtsv7M4_T_le_v4SPD16_eabi.lib</file>
         <name>ll_mul_t2.asm.obj</name>
      </input_file>
      <input_file id="fl-d3">
         <path>C:\ti\ccs1230\ccs\tools\compiler\ti-cgt-arm_20.2.7.LTS\lib\</path>
         <kind>archive</kind>
         <file>rtsv7M4_T_le_v4SPD16_eabi.lib</file>
         <name>memcpy_t2.asm.obj</name>
      </input_file>
      <input_file id="fl-d4">
         <path>C:\ti\ccs1230\ccs\tools\compiler\ti-cgt-arm_20.2.7.LTS\lib\</path>
         <kind>archive</kind>
         <file>rtsv7M4_T_le_v4SPD16_eabi.lib</file>
         <name>u_tofd_t2.asm.obj</name>
      </input_file>
      <input_file id="fl-d5">
         <path>C:\ti\ccs1230\ccs\tools\compiler\ti-cgt-arm_20.2.7.LTS\lib\</path>
         <kind>archive</kind>
         <file>rtsv7M4_T_le_v4SPD16_eabi.lib</file>
         <name>memset_t2.asm.obj</name>
      </input_file>
      <input_file id="fl-d6">
         <path>C:\ti\ccs1230\ccs\tools\compiler\ti-cgt-arm_20.2.7.LTS\lib\</path>
         <kind>archive</kind>
         <file>rtsv7M4_T_le_v4SPD16_eabi.lib</file>
         <name>ull_div_t2.asm.obj</name>
      </input_file>
      <input_file id="fl-d7">
         <path>C:\ti\ccs1230\ccs\tools\compiler\ti-cgt-arm_20.2.7.LTS\lib\</path>
         <kind>archive</kind>
         <file>rtsv7M4_T_le_v4SPD16_eabi.lib</file>
         <name>copy_zero_init.c.obj</name>
      </input_file>
      <input_file id="fl-d8">
         <path>C:\ti\ccs1230\ccs\tools\compiler\ti-cgt-arm_20.2.7.LTS\lib\</path>
         <kind>archive</kind>
         <file>rtsv7M4_T_le_v4SPD16_eabi.lib</file>
         <name>copy_decompress_none.c.obj</name>
      </input_file>
      <input_file id="fl-d9">
         <path>C:\ti\ccs1230\ccs\tools\compiler\ti-cgt-arm_20.2.7.LTS\lib\</path>
         <kind>archive</kind>
         <file>rtsv7M4_T_le_v4SPD16_eabi.lib</file>
         <name>copy_decompress_lzss.c.obj</name>
      </input_file>
      <input_file id="fl-da">
         <path>C:\ti\ccs1230\ccs\tools\compiler\ti-cgt-arm_20.2.7.LTS\lib\</path>
         <kind>archive</kind>
         <file>rtsv7M4_T_le_v4SPD16_eabi.lib</file>
         <name>exit.c.obj</name>
      </input_file>
      <input_file id="fl-db">
         <path>C:\ti\ccs1230\ccs\tools\compiler\ti-cgt-arm_20.2.7.LTS\lib\</path>
         <kind>archive</kind>
         <file>rtsv7M4_T_le_v4SPD16_eabi.lib</file>
         <name>_lock.c.obj</name>
      </input_file>
      <input_file id="fl-dc">
         <path>C:\ti\ccs1230\ccs\tools\compiler\ti-cgt-arm_20.2.7.LTS\lib\</path>
         <kind>archive</kind>
         <file>rtsv7M4_T_le_v4SPD16_eabi.lib</file>
         <name>_ltoa.c.obj</name>
      </input_file>
      <input_file id="fl-dd">
         <path>C:\ti\ccs1230\ccs\tools\compiler\ti-cgt-arm_20.2.7.LTS\lib\</path>
         <kind>archive</kind>
         <file>rtsv7M4_T_le_v4SPD16_eabi.lib</file>
         <name>atoi.c.obj</name>
      </input_file>
      <input_file id="fl-de">
         <path>C:\ti\ccs1230\ccs\tools\compiler\ti-cgt-arm_20.2.7.LTS\lib\</path>
         <kind>archive</kind>
         <file>rtsv7M4_T_le_v4SPD16_eabi.lib</file>
         <name>ctype.c.obj</name>
      </input_file>
      <input_file id="fl-df">
         <path>C:\ti\ccs1230\ccs\tools\compiler\ti-cgt-arm_20.2.7.LTS\lib\</path>
         <kind>archive</kind>
         <file>rtsv7M4_T_le_v4SPD16_eabi.lib</file>
         <name>defs.c.obj</name>
      </input_file>
      <input_file id="fl-e0">
         <path>C:\ti\ccs1230\ccs\tools\compiler\ti-cgt-arm_20.2.7.LTS\lib\</path>
         <kind>archive</kind>
         <file>rtsv7M4_T_le_v4SPD16_eabi.lib</file>
         <name>memccpy.c.obj</name>
      </input_file>
      <input_file id="fl-e1">
         <path>C:\ti\ccs1230\ccs\tools\compiler\ti-cgt-arm_20.2.7.LTS\lib\</path>
         <kind>archive</kind>
         <file>rtsv7M4_T_le_v4SPD16_eabi.lib</file>
         <name>memchr.c.obj</name>
      </input_file>
      <input_file id="fl-e2">
         <path>C:\ti\ccs1230\ccs\tools\compiler\ti-cgt-arm_20.2.7.LTS\lib\</path>
         <kind>archive</kind>
         <file>rtsv7M4_T_le_v4SPD16_eabi.lib</file>
         <name>memory.c.obj</name>
      </input_file>
      <input_file id="fl-e3">
         <path>C:\ti\ccs1230\ccs\tools\compiler\ti-cgt-arm_20.2.7.LTS\lib\</path>
         <kind>archive</kind>
         <file>rtsv7M4_T_le_v4SPD16_eabi.lib</file>
         <name>strchr.c.obj</name>
      </input_file>
      <input_file id="fl-e4">
         <path>C:\ti\ccs1230\ccs\tools\compiler\ti-cgt-arm_20.2.7.LTS\lib\</path>
         <kind>archive</kind>
         <file>rtsv7M4_T_le_v4SPD16_eabi.lib</file>
         <name>strlen.c.obj</name>
      </input_file>
      <input_file id="fl-e5">
         <path>C:\ti\ccs1230\ccs\tools\compiler\ti-cgt-arm_20.2.7.LTS\lib\</path>
         <kind>archive</kind>
         <file>rtsv7M4_T_le_v4SPD16_eabi.lib</file>
         <name>boot_cortex_m.c.obj</name>
      </input_file>
      <input_file id="fl-e6">
         <path>C:\ti\ccs1230\ccs\tools\compiler\ti-cgt-arm_20.2.7.LTS\lib\</path>
         <kind>archive</kind>
         <file>rtsv7M4_T_le_v4SPD16_eabi.lib</file>
         <name>write.c.obj</name>
      </input_file>
      <input_file id="fl-e7">
         <path>C:\ti\ccs1230\ccs\tools\compiler\ti-cgt-arm_20.2.7.LTS\lib\</path>
         <kind>archive</kind>
         <file>rtsv7M4_T_le_v4SPD16_eabi.lib</file>
         <name>host_device.c.obj</name>
      </input_file>
      <input_file id="fl-e8">
         <path>C:\ti\ccs1230\ccs\tools\compiler\ti-cgt-arm_20.2.7.LTS\lib\</path>
         <kind>archive</kind>
         <file>rtsv7M4_T_le_v4SPD16_eabi.lib</file>
         <name>errno.c.obj</name>
      </input_file>
      <input_file id="fl-e9">
         <path>C:\ti\ccs1230\ccs\tools\compiler\ti-cgt-arm_20.2.7.LTS\lib\</path>
         <kind>archive</kind>
         <file>rtsv7M4_T_le_v4SPD16_eabi.lib</file>
         <name>wcslen.c.obj</name>
      </input_file>
      <input_file id="fl-ea">
         <path>C:\ti\ccs1230\ccs\tools\compiler\ti-cgt-arm_20.2.7.LTS\lib\</path>
         <kind>archive</kind>
         <file>rtsv7M4_T_le_v4SPD16_eabi.lib</file>
         <name>s_frexp.c.obj</name>
      </input_file>
      <input_file id="fl-eb">
         <path>C:\ti\ccs1230\ccs\tools\compiler\ti-cgt-arm_20.2.7.LTS\lib\</path>
         <kind>archive</kind>
         <file>rtsv7M4_T_le_v4SPD16_eabi.lib</file>
         <name>s_scalbn.c.obj</name>
      </input_file>
      <input_file id="fl-ec">
         <path>C:\ti\ccs1230\ccs\tools\compiler\ti-cgt-arm_20.2.7.LTS\lib\</path>
         <kind>archive</kind>
         <file>rtsv7M4_T_le_v4SPD16_eabi.lib</file>
         <name>fflush.c.obj</name>
      </input_file>
      <input_file id="fl-ed">
         <path>C:\ti\ccs1230\ccs\tools\compiler\ti-cgt-arm_20.2.7.LTS\lib\</path>
         <kind>archive</kind>
         <file>rtsv7M4_T_le_v4SPD16_eabi.lib</file>
         <name>fopen.c.obj</name>
      </input_file>
      <input_file id="fl-ee">
         <path>C:\ti\ccs1230\ccs\tools\compiler\ti-cgt-arm_20.2.7.LTS\lib\</path>
         <kind>archive</kind>
         <file>rtsv7M4_T_le_v4SPD16_eabi.lib</file>
         <name>fseek.c.obj</name>
      </input_file>
      <input_file id="fl-ef">
         <path>C:\ti\ccs1230\ccs\tools\compiler\ti-cgt-arm_20.2.7.LTS\lib\</path>
         <kind>archive</kind>
         <file>rtsv7M4_T_le_v4SPD16_eabi.lib</file>
         <name>div0.asm.obj</name>
      </input_file>
      <input_file id="fl-f0">
         <path>C:\ti\ccs1230\ccs\tools\compiler\ti-cgt-arm_20.2.7.LTS\lib\</path>
         <kind>archive</kind>
         <file>rtsv7M4_T_le_v4SPD16_eabi.lib</file>
         <name>autoinit.c.obj</name>
      </input_file>
      <input_file id="fl-f1">
         <path>C:\ti\ccs1230\ccs\tools\compiler\ti-cgt-arm_20.2.7.LTS\lib\</path>
         <kind>archive</kind>
         <file>rtsv7M4_T_le_v4SPD16_eabi.lib</file>
         <name>pre_init.c.obj</name>
      </input_file>
      <input_file id="fl-f2">
         <path>C:\ti\ccs1230\ccs\tools\compiler\ti-cgt-arm_20.2.7.LTS\lib\</path>
         <kind>archive</kind>
         <file>rtsv7M4_T_le_v4SPD16_eabi.lib</file>
         <name>cpy_tbl.c.obj</name>
      </input_file>
      <input_file id="fl-f3">
         <path>C:\ti\ccs1230\ccs\tools\compiler\ti-cgt-arm_20.2.7.LTS\lib\</path>
         <kind>archive</kind>
         <file>rtsv7M4_T_le_v4SPD16_eabi.lib</file>
         <name>args_main.c.obj</name>
      </input_file>
      <input_file id="fl-f4">
         <path>C:\ti\ccs1230\ccs\tools\compiler\ti-cgt-arm_20.2.7.LTS\lib\</path>
         <kind>archive</kind>
         <file>rtsv7M4_T_le_v4SPD16_eabi.lib</file>
         <name>hostclose.c.obj</name>
      </input_file>
      <input_file id="fl-f5">
         <path>C:\ti\ccs1230\ccs\tools\compiler\ti-cgt-arm_20.2.7.LTS\lib\</path>
         <kind>archive</kind>
         <file>rtsv7M4_T_le_v4SPD16_eabi.lib</file>
         <name>hostlseek.c.obj</name>
      </input_file>
      <input_file id="fl-f6">
         <path>C:\ti\ccs1230\ccs\tools\compiler\ti-cgt-arm_20.2.7.LTS\lib\</path>
         <kind>archive</kind>
         <file>rtsv7M4_T_le_v4SPD16_eabi.lib</file>
         <name>hostopen.c.obj</name>
      </input_file>
      <input_file id="fl-f7">
         <path>C:\ti\ccs1230\ccs\tools\compiler\ti-cgt-arm_20.2.7.LTS\lib\</path>
         <kind>archive</kind>
         <file>rtsv7M4_T_le_v4SPD16_eabi.lib</file>
         <name>hostread.c.obj</name>
      </input_file>
      <input_file id="fl-f8">
         <path>C:\ti\ccs1230\ccs\tools\compiler\ti-cgt-arm_20.2.7.LTS\lib\</path>
         <kind>archive</kind>
         <file>rtsv7M4_T_le_v4SPD16_eabi.lib</file>
         <name>hostrename.c.obj</name>
      </input_file>
      <input_file id="fl-f9">
         <path>C:\ti\ccs1230\ccs\tools\compiler\ti-cgt-arm_20.2.7.LTS\lib\</path>
         <kind>archive</kind>
         <file>rtsv7M4_T_le_v4SPD16_eabi.lib</file>
         <name>hostunlink.c.obj</name>
      </input_file>
      <input_file id="fl-fa">
         <path>C:\ti\ccs1230\ccs\tools\compiler\ti-cgt-arm_20.2.7.LTS\lib\</path>
         <kind>archive</kind>
         <file>rtsv7M4_T_le_v4SPD16_eabi.lib</file>
         <name>hostwrite.c.obj</name>
      </input_file>
      <input_file id="fl-fb">
         <path>C:\ti\ccs1230\ccs\tools\compiler\ti-cgt-arm_20.2.7.LTS\lib\</path>
         <kind>archive</kind>
         <file>rtsv7M4_T_le_v4SPD16_eabi.lib</file>
         <name>trgmsg.c.obj</name>
      </input_file>
      <input_file id="fl-fc">
         <path>C:\ti\ccs1230\ccs\tools\compiler\ti-cgt-arm_20.2.7.LTS\lib\</path>
         <kind>archive</kind>
         <file>rtsv7M4_T_le_v4SPD16_eabi.lib</file>
         <name>open.c.obj</name>
      </input_file>
      <input_file id="fl-fd">
         <path>C:\ti\ccs1230\ccs\tools\compiler\ti-cgt-arm_20.2.7.LTS\lib\</path>
         <kind>archive</kind>
         <file>rtsv7M4_T_le_v4SPD16_eabi.lib</file>
         <name>lseek.c.obj</name>
      </input_file>
      <input_file id="fl-fe">
         <path>C:\ti\ccs1230\ccs\tools\compiler\ti-cgt-arm_20.2.7.LTS\lib\</path>
         <kind>archive</kind>
         <file>rtsv7M4_T_le_v4SPD16_eabi.lib</file>
         <name>s_copysign.c.obj</name>
      </input_file>
      <input_file id="fl-ff">
         <path>C:\ti\ccs1230\ccs\tools\compiler\ti-cgt-arm_20.2.7.LTS\lib\</path>
         <kind>archive</kind>
         <file>rtsv7M4_T_le_v4SPD16_eabi.lib</file>
         <name>fclose.c.obj</name>
      </input_file>
      <input_file id="fl-100">
         <path>C:\ti\ccs1230\ccs\tools\compiler\ti-cgt-arm_20.2.7.LTS\lib\</path>
         <kind>archive</kind>
         <file>rtsv7M4_T_le_v4SPD16_eabi.lib</file>
         <name>getdevice.c.obj</name>
      </input_file>
      <input_file id="fl-101">
         <path>C:\ti\ccs1230\ccs\tools\compiler\ti-cgt-arm_20.2.7.LTS\lib\</path>
         <kind>archive</kind>
         <file>rtsv7M4_T_le_v4SPD16_eabi.lib</file>
         <name>strcmp.c.obj</name>
      </input_file>
      <input_file id="fl-102">
         <path>C:\ti\ccs1230\ccs\tools\compiler\ti-cgt-arm_20.2.7.LTS\lib\</path>
         <kind>archive</kind>
         <file>rtsv7M4_T_le_v4SPD16_eabi.lib</file>
         <name>strcpy.c.obj</name>
      </input_file>
      <input_file id="fl-103">
         <path>C:\ti\ccs1230\ccs\tools\compiler\ti-cgt-arm_20.2.7.LTS\lib\</path>
         <kind>archive</kind>
         <file>rtsv7M4_T_le_v4SPD16_eabi.lib</file>
         <name>strncpy.c.obj</name>
      </input_file>
      <input_file id="fl-104">
         <path>C:\ti\ccs1230\ccs\tools\compiler\ti-cgt-arm_20.2.7.LTS\lib\</path>
         <kind>archive</kind>
         <file>rtsv7M4_T_le_v4SPD16_eabi.lib</file>
         <name>remove.c.obj</name>
      </input_file>
      <input_file id="fl-105">
         <path>C:\ti\ccs1230\ccs\tools\compiler\ti-cgt-arm_20.2.7.LTS\lib\</path>
         <kind>archive</kind>
         <file>rtsv7M4_T_le_v4SPD16_eabi.lib</file>
         <name>close.c.obj</name>
      </input_file>
      <input_file id="fl-106">
         <path>C:\ti\ccs1230\ccs\tools\compiler\ti-cgt-arm_20.2.7.LTS\lib\</path>
         <kind>archive</kind>
         <file>rtsv7M4_T_le_v4SPD16_eabi.lib</file>
         <name>unlink.c.obj</name>
      </input_file>
   </input_file_list>
   <object_component_list>
      <object_component id="oc-26">
         <name>.intvecs:retain</name>
         <load_address>0x0</load_address>
         <run_address>0x0</run_address>
         <size>0xe4</size>
         <input_file_ref idref="fl-9"/>
      </object_component>
      <object_component id="oc-175">
         <name>.text:__TI_printfi</name>
         <load_address>0xe4</load_address>
         <run_address>0xe4</run_address>
         <size>0xa4e</size>
         <input_file_ref idref="fl-c6"/>
      </object_component>
      <object_component id="oc-21e">
         <name>.text:_nop</name>
         <load_address>0xb32</load_address>
         <run_address>0xb32</run_address>
         <size>0x2</size>
         <input_file_ref idref="fl-db"/>
      </object_component>
      <object_component id="oc-b8">
         <name>.text</name>
         <load_address>0xb34</load_address>
         <run_address>0xb34</run_address>
         <size>0x350</size>
         <input_file_ref idref="fl-b"/>
      </object_component>
      <object_component id="oc-1fa">
         <name>.text:_pconv_a</name>
         <load_address>0xe84</load_address>
         <run_address>0xe84</run_address>
         <size>0x270</size>
         <input_file_ref idref="fl-c6"/>
      </object_component>
      <object_component id="oc-1e8">
         <name>.text:_pconv_g</name>
         <load_address>0x10f4</load_address>
         <run_address>0x10f4</run_address>
         <size>0x1d0</size>
         <input_file_ref idref="fl-c6"/>
      </object_component>
      <object_component id="oc-ff">
         <name>.text</name>
         <load_address>0x12c4</load_address>
         <run_address>0x12c4</run_address>
         <size>0x1c8</size>
         <input_file_ref idref="fl-4"/>
      </object_component>
      <object_component id="oc-70">
         <name>.text</name>
         <load_address>0x148c</load_address>
         <run_address>0x148c</run_address>
         <size>0x1b8</size>
         <input_file_ref idref="fl-8"/>
      </object_component>
      <object_component id="oc-2a2">
         <name>.text</name>
         <load_address>0x1644</load_address>
         <run_address>0x1644</run_address>
         <size>0x1b6</size>
         <input_file_ref idref="fl-cc"/>
      </object_component>
      <object_component id="oc-316">
         <name>.text</name>
         <load_address>0x17fa</load_address>
         <run_address>0x17fa</run_address>
         <size>0x2</size>
         <input_file_ref idref="fl-ef"/>
      </object_component>
      <object_component id="oc-1f4">
         <name>.text:_pconv_e</name>
         <load_address>0x17fc</load_address>
         <run_address>0x17fc</run_address>
         <size>0x13c</size>
         <input_file_ref idref="fl-c6"/>
      </object_component>
      <object_component id="oc-288">
         <name>.text</name>
         <load_address>0x1938</load_address>
         <run_address>0x1938</run_address>
         <size>0x136</size>
         <input_file_ref idref="fl-ce"/>
      </object_component>
      <object_component id="oc-2b4">
         <name>.text:fcvt</name>
         <load_address>0x1a70</load_address>
         <run_address>0x1a70</run_address>
         <size>0x124</size>
         <input_file_ref idref="fl-c6"/>
      </object_component>
      <object_component id="oc-76">
         <name>.text</name>
         <load_address>0x1b94</load_address>
         <run_address>0x1b94</run_address>
         <size>0x120</size>
         <input_file_ref idref="fl-5"/>
      </object_component>
      <object_component id="oc-22c">
         <name>.text:fputs</name>
         <load_address>0x1cb4</load_address>
         <run_address>0x1cb4</run_address>
         <size>0x114</size>
         <input_file_ref idref="fl-c9"/>
      </object_component>
      <object_component id="oc-2c8">
         <name>.text:scalbn</name>
         <load_address>0x1dc8</load_address>
         <run_address>0x1dc8</run_address>
         <size>0x110</size>
         <input_file_ref idref="fl-eb"/>
      </object_component>
      <object_component id="oc-3d6">
         <name>.text:aligned_alloc</name>
         <load_address>0x1ed8</load_address>
         <run_address>0x1ed8</run_address>
         <size>0x100</size>
         <input_file_ref idref="fl-e2"/>
      </object_component>
      <object_component id="oc-283">
         <name>.text</name>
         <load_address>0x1fd8</load_address>
         <run_address>0x1fd8</run_address>
         <size>0xfc</size>
         <input_file_ref idref="fl-cf"/>
      </object_component>
      <object_component id="oc-105">
         <name>.text</name>
         <load_address>0x20d4</load_address>
         <run_address>0x20d4</run_address>
         <size>0xe8</size>
         <input_file_ref idref="fl-2"/>
      </object_component>
      <object_component id="oc-394">
         <name>.text:free</name>
         <load_address>0x21bc</load_address>
         <run_address>0x21bc</run_address>
         <size>0xe4</size>
         <input_file_ref idref="fl-e2"/>
      </object_component>
      <object_component id="oc-366">
         <name>.text:setvbuf</name>
         <load_address>0x22a0</load_address>
         <run_address>0x22a0</run_address>
         <size>0xdc</size>
         <input_file_ref idref="fl-cb"/>
      </object_component>
      <object_component id="oc-1dd">
         <name>.text:_ltostr</name>
         <load_address>0x237c</load_address>
         <run_address>0x237c</run_address>
         <size>0xb1</size>
         <input_file_ref idref="fl-c6"/>
      </object_component>
      <object_component id="oc-19a">
         <name>.text</name>
         <load_address>0x2430</load_address>
         <run_address>0x2430</run_address>
         <size>0xac</size>
         <input_file_ref idref="fl-a"/>
      </object_component>
      <object_component id="oc-3a">
         <name>.text</name>
         <load_address>0x24dc</load_address>
         <run_address>0x24dc</run_address>
         <size>0x9c</size>
         <input_file_ref idref="fl-d3"/>
      </object_component>
      <object_component id="oc-254">
         <name>.text</name>
         <load_address>0x2578</load_address>
         <run_address>0x2578</run_address>
         <size>0x96</size>
         <input_file_ref idref="fl-d6"/>
      </object_component>
      <object_component id="oc-233">
         <name>.text:fputc</name>
         <load_address>0x2610</load_address>
         <run_address>0x2610</run_address>
         <size>0x8c</size>
         <input_file_ref idref="fl-c8"/>
      </object_component>
      <object_component id="oc-1e3">
         <name>.text:__aeabi_cdcmple</name>
         <load_address>0x269c</load_address>
         <run_address>0x269c</run_address>
         <size>0x86</size>
         <input_file_ref idref="fl-cd"/>
      </object_component>
      <object_component id="oc-28d">
         <name>.text:__aeabi_cdrcmple</name>
         <load_address>0x2722</load_address>
         <run_address>0x2722</run_address>
         <size>0x86</size>
         <input_file_ref idref="fl-cd"/>
      </object_component>
      <object_component id="oc-a6">
         <name>.text</name>
         <load_address>0x27a8</load_address>
         <run_address>0x27a8</run_address>
         <size>0x84</size>
         <input_file_ref idref="fl-6"/>
      </object_component>
      <object_component id="oc-10b">
         <name>.text</name>
         <load_address>0x282c</load_address>
         <run_address>0x282c</run_address>
         <size>0x80</size>
         <input_file_ref idref="fl-3"/>
      </object_component>
      <object_component id="oc-9a">
         <name>.text</name>
         <load_address>0x28ac</load_address>
         <run_address>0x28ac</run_address>
         <size>0x7a</size>
         <input_file_ref idref="fl-d5"/>
      </object_component>
      <object_component id="oc-3dd">
         <name>.text:__TI_closefile</name>
         <load_address>0x2928</load_address>
         <run_address>0x2928</run_address>
         <size>0x74</size>
         <input_file_ref idref="fl-ff"/>
      </object_component>
      <object_component id="oc-41e">
         <name>.text:split</name>
         <load_address>0x299c</load_address>
         <run_address>0x299c</run_address>
         <size>0x70</size>
         <input_file_ref idref="fl-e2"/>
      </object_component>
      <object_component id="oc-2ad">
         <name>.text:_mcpy</name>
         <load_address>0x2a0c</load_address>
         <run_address>0x2a0c</run_address>
         <size>0x6e</size>
         <input_file_ref idref="fl-c6"/>
      </object_component>
      <object_component id="oc-40d">
         <name>.text:HOSTrename</name>
         <load_address>0x2a7c</load_address>
         <run_address>0x2a7c</run_address>
         <size>0x6c</size>
         <input_file_ref idref="fl-f8"/>
      </object_component>
      <object_component id="oc-401">
         <name>.text:HOSTlseek</name>
         <load_address>0x2ae8</load_address>
         <run_address>0x2ae8</run_address>
         <size>0x68</size>
         <input_file_ref idref="fl-f5"/>
      </object_component>
      <object_component id="oc-17">
         <name>.text:decompress:lzss:__TI_decompress_lzss</name>
         <load_address>0x2b50</load_address>
         <run_address>0x2b50</run_address>
         <size>0x68</size>
         <input_file_ref idref="fl-d9"/>
      </object_component>
      <object_component id="oc-cf">
         <name>.text:printf</name>
         <load_address>0x2bb8</load_address>
         <run_address>0x2bb8</run_address>
         <size>0x68</size>
         <input_file_ref idref="fl-c5"/>
      </object_component>
      <object_component id="oc-2c2">
         <name>.text:frexp</name>
         <load_address>0x2c20</load_address>
         <run_address>0x2c20</run_address>
         <size>0x64</size>
         <input_file_ref idref="fl-ea"/>
      </object_component>
      <object_component id="oc-360">
         <name>.text:fseek</name>
         <load_address>0x2c84</load_address>
         <run_address>0x2c84</run_address>
         <size>0x64</size>
         <input_file_ref idref="fl-ee"/>
      </object_component>
      <object_component id="oc-2f9">
         <name>.text:__TI_wrt_ok</name>
         <load_address>0x2ce8</load_address>
         <run_address>0x2ce8</run_address>
         <size>0x62</size>
         <input_file_ref idref="fl-ca"/>
      </object_component>
      <object_component id="oc-3e9">
         <name>.text:HOSTopen</name>
         <load_address>0x2d4c</load_address>
         <run_address>0x2d4c</run_address>
         <size>0x60</size>
         <input_file_ref idref="fl-f6"/>
      </object_component>
      <object_component id="oc-425">
         <name>.text:close</name>
         <load_address>0x2dac</load_address>
         <run_address>0x2dac</run_address>
         <size>0x5c</size>
         <input_file_ref idref="fl-105"/>
      </object_component>
      <object_component id="oc-3f5">
         <name>.text:HOSTread</name>
         <load_address>0x2e08</load_address>
         <run_address>0x2e08</run_address>
         <size>0x58</size>
         <input_file_ref idref="fl-f7"/>
      </object_component>
      <object_component id="oc-3fb">
         <name>.text:HOSTwrite</name>
         <load_address>0x2e60</load_address>
         <run_address>0x2e60</run_address>
         <size>0x58</size>
         <input_file_ref idref="fl-fa"/>
      </object_component>
      <object_component id="oc-1ee">
         <name>.text:_pconv_f</name>
         <load_address>0x2eb8</load_address>
         <run_address>0x2eb8</run_address>
         <size>0x56</size>
         <input_file_ref idref="fl-c6"/>
      </object_component>
      <object_component id="oc-297">
         <name>.text:__TI_ltoa</name>
         <load_address>0x2f0e</load_address>
         <run_address>0x2f0e</run_address>
         <size>0x54</size>
         <input_file_ref idref="fl-dc"/>
      </object_component>
      <object_component id="oc-2a7">
         <name>.text:_ecpy</name>
         <load_address>0x2f62</load_address>
         <run_address>0x2f62</run_address>
         <size>0x52</size>
         <input_file_ref idref="fl-c6"/>
      </object_component>
      <object_component id="oc-305">
         <name>.text:__TI_doflush</name>
         <load_address>0x2fb4</load_address>
         <run_address>0x2fb4</run_address>
         <size>0x4c</size>
         <input_file_ref idref="fl-ec"/>
      </object_component>
      <object_component id="oc-1d7">
         <name>.text:atoi</name>
         <load_address>0x3000</load_address>
         <run_address>0x3000</run_address>
         <size>0x4c</size>
         <input_file_ref idref="fl-dd"/>
      </object_component>
      <object_component id="oc-11f">
         <name>.text:exit</name>
         <load_address>0x304c</load_address>
         <run_address>0x304c</run_address>
         <size>0x48</size>
         <input_file_ref idref="fl-da"/>
      </object_component>
      <object_component id="oc-292">
         <name>.text</name>
         <load_address>0x3094</load_address>
         <run_address>0x3094</run_address>
         <size>0x48</size>
         <input_file_ref idref="fl-d0"/>
      </object_component>
      <object_component id="oc-3ef">
         <name>.text:HOSTclose</name>
         <load_address>0x30dc</load_address>
         <run_address>0x30dc</run_address>
         <size>0x44</size>
         <input_file_ref idref="fl-f4"/>
      </object_component>
      <object_component id="oc-407">
         <name>.text:HOSTunlink</name>
         <load_address>0x3120</load_address>
         <run_address>0x3120</run_address>
         <size>0x44</size>
         <input_file_ref idref="fl-f9"/>
      </object_component>
      <object_component id="oc-125">
         <name>.text:__TI_auto_init_nobinit_nopinit:__TI_auto_init_nobinit_nopinit</name>
         <load_address>0x3164</load_address>
         <run_address>0x3164</run_address>
         <size>0x44</size>
         <input_file_ref idref="fl-f0"/>
      </object_component>
      <object_component id="oc-45d">
         <name>.text:getdevice</name>
         <load_address>0x31a8</load_address>
         <run_address>0x31a8</run_address>
         <size>0x44</size>
         <input_file_ref idref="fl-100"/>
      </object_component>
      <object_component id="oc-111">
         <name>.text:sprintf</name>
         <load_address>0x31ec</load_address>
         <run_address>0x31ec</run_address>
         <size>0x40</size>
         <input_file_ref idref="fl-c7"/>
      </object_component>
      <object_component id="oc-2ba">
         <name>.text:_fcpy</name>
         <load_address>0x322c</load_address>
         <run_address>0x322c</run_address>
         <size>0x3e</size>
         <input_file_ref idref="fl-c6"/>
      </object_component>
      <object_component id="oc-436">
         <name>.text:__TI_writemsg</name>
         <load_address>0x326c</load_address>
         <run_address>0x326c</run_address>
         <size>0x38</size>
         <input_file_ref idref="fl-fb"/>
      </object_component>
      <object_component id="oc-47f">
         <name>.text:strncpy</name>
         <load_address>0x32a4</load_address>
         <run_address>0x32a4</run_address>
         <size>0x36</size>
         <input_file_ref idref="fl-103"/>
      </object_component>
      <object_component id="oc-3a0">
         <name>.text:__TI_cleanup</name>
         <load_address>0x32dc</load_address>
         <run_address>0x32dc</run_address>
         <size>0x34</size>
         <input_file_ref idref="fl-ed"/>
      </object_component>
      <object_component id="oc-43c">
         <name>.text:__TI_readmsg</name>
         <load_address>0x3310</load_address>
         <run_address>0x3310</run_address>
         <size>0x34</size>
         <input_file_ref idref="fl-fb"/>
      </object_component>
      <object_component id="oc-58">
         <name>.text:_c_int00_noargs:_c_int00_noargs</name>
         <load_address>0x3344</load_address>
         <run_address>0x3344</run_address>
         <size>0x34</size>
         <input_file_ref idref="fl-e5"/>
      </object_component>
      <object_component id="oc-485">
         <name>.text:finddevice</name>
         <load_address>0x3378</load_address>
         <run_address>0x3378</run_address>
         <size>0x30</size>
         <input_file_ref idref="fl-100"/>
      </object_component>
      <object_component id="oc-29d">
         <name>.text</name>
         <load_address>0x33a8</load_address>
         <run_address>0x33a8</run_address>
         <size>0x2e</size>
         <input_file_ref idref="fl-d1"/>
      </object_component>
      <object_component id="oc-42b">
         <name>.text:unlink</name>
         <load_address>0x33d8</load_address>
         <run_address>0x33d8</run_address>
         <size>0x2c</size>
         <input_file_ref idref="fl-106"/>
      </object_component>
      <object_component id="oc-3cf">
         <name>.text:free_list_insert</name>
         <load_address>0x3404</load_address>
         <run_address>0x3404</run_address>
         <size>0x28</size>
         <input_file_ref idref="fl-e2"/>
      </object_component>
      <object_component id="oc-38c">
         <name>.text:lseek</name>
         <load_address>0x342c</load_address>
         <run_address>0x342c</run_address>
         <size>0x28</size>
         <input_file_ref idref="fl-fd"/>
      </object_component>
      <object_component id="oc-30b">
         <name>.text:write</name>
         <load_address>0x3454</load_address>
         <run_address>0x3454</run_address>
         <size>0x28</size>
         <input_file_ref idref="fl-e6"/>
      </object_component>
      <object_component id="oc-2ff">
         <name>.text:memchr</name>
         <load_address>0x347c</load_address>
         <run_address>0x347c</run_address>
         <size>0x20</size>
         <input_file_ref idref="fl-e1"/>
      </object_component>
      <object_component id="oc-46">
         <name>.text:decompress:ZI:__TI_zero_init_nomemset:__TI_zero_init_nomemset</name>
         <load_address>0x349c</load_address>
         <run_address>0x349c</run_address>
         <size>0x1c</size>
         <input_file_ref idref="fl-d7"/>
      </object_component>
      <object_component id="oc-3c9">
         <name>.text:free_list_remove</name>
         <load_address>0x34b8</load_address>
         <run_address>0x34b8</run_address>
         <size>0x1c</size>
         <input_file_ref idref="fl-e2"/>
      </object_component>
      <object_component id="oc-200">
         <name>.text:memccpy</name>
         <load_address>0x34d4</load_address>
         <run_address>0x34d4</run_address>
         <size>0x1c</size>
         <input_file_ref idref="fl-e0"/>
      </object_component>
      <object_component id="oc-344">
         <name>.text:copysign</name>
         <load_address>0x34f0</load_address>
         <run_address>0x34f0</run_address>
         <size>0x1a</size>
         <input_file_ref idref="fl-fe"/>
      </object_component>
      <object_component id="oc-1a3">
         <name>.text:_outs</name>
         <load_address>0x350a</load_address>
         <run_address>0x350a</run_address>
         <size>0x18</size>
         <input_file_ref idref="fl-c7"/>
      </object_component>
      <object_component id="oc-24f">
         <name>.text</name>
         <load_address>0x3522</load_address>
         <run_address>0x3522</run_address>
         <size>0x18</size>
         <input_file_ref idref="fl-d2"/>
      </object_component>
      <object_component id="oc-49c">
         <name>.text:strcmp</name>
         <load_address>0x353a</load_address>
         <run_address>0x353a</run_address>
         <size>0x18</size>
         <input_file_ref idref="fl-101"/>
      </object_component>
      <object_component id="oc-2ce">
         <name>.text:strchr</name>
         <load_address>0x3552</load_address>
         <run_address>0x3552</run_address>
         <size>0x16</size>
         <input_file_ref idref="fl-e3"/>
      </object_component>
      <object_component id="oc-450">
         <name>.text:strcpy</name>
         <load_address>0x3568</load_address>
         <run_address>0x3568</run_address>
         <size>0x14</size>
         <input_file_ref idref="fl-102"/>
      </object_component>
      <object_component id="oc-1d1">
         <name>.text:strlen</name>
         <load_address>0x357c</load_address>
         <run_address>0x357c</run_address>
         <size>0x14</size>
         <input_file_ref idref="fl-e4"/>
      </object_component>
      <object_component id="oc-206">
         <name>.text:wcslen</name>
         <load_address>0x3590</load_address>
         <run_address>0x3590</run_address>
         <size>0x12</size>
         <input_file_ref idref="fl-e9"/>
      </object_component>
      <object_component id="oc-1d">
         <name>.text:decompress:none:__TI_decompress_none</name>
         <load_address>0x35a2</load_address>
         <run_address>0x35a2</run_address>
         <size>0xe</size>
         <input_file_ref idref="fl-d8"/>
      </object_component>
      <object_component id="oc-6a">
         <name>.text</name>
         <load_address>0x35b0</load_address>
         <run_address>0x35b0</run_address>
         <size>0xe</size>
         <input_file_ref idref="fl-9"/>
      </object_component>
      <object_component id="oc-1a9">
         <name>.text:_outc</name>
         <load_address>0x35be</load_address>
         <run_address>0x35be</run_address>
         <size>0xa</size>
         <input_file_ref idref="fl-c7"/>
      </object_component>
      <object_component id="oc-20c">
         <name>.text:__aeabi_errno_addr</name>
         <load_address>0x35c8</load_address>
         <run_address>0x35c8</run_address>
         <size>0x8</size>
         <input_file_ref idref="fl-e8"/>
      </object_component>
      <object_component id="oc-39a">
         <name>.text:malloc</name>
         <load_address>0x35d0</load_address>
         <run_address>0x35d0</run_address>
         <size>0x8</size>
         <input_file_ref idref="fl-e2"/>
      </object_component>
      <object_component id="oc-187">
         <name>.text:_outc</name>
         <load_address>0x35d8</load_address>
         <run_address>0x35d8</run_address>
         <size>0x4</size>
         <input_file_ref idref="fl-c5"/>
      </object_component>
      <object_component id="oc-181">
         <name>.text:_outs</name>
         <load_address>0x35dc</load_address>
         <run_address>0x35dc</run_address>
         <size>0x4</size>
         <input_file_ref idref="fl-c5"/>
      </object_component>
      <object_component id="oc-a0">
         <name>.text:_system_pre_init</name>
         <load_address>0x35e0</load_address>
         <run_address>0x35e0</run_address>
         <size>0x4</size>
         <input_file_ref idref="fl-f1"/>
      </object_component>
      <object_component id="oc-119">
         <name>.text:abort:abort</name>
         <load_address>0x35e4</load_address>
         <run_address>0x35e4</run_address>
         <size>0x4</size>
         <input_file_ref idref="fl-da"/>
      </object_component>
      <object_component id="oc-27c">
         <name>.const:.string:_ctypes_</name>
         <load_address>0x35e8</load_address>
         <run_address>0x35e8</run_address>
         <size>0x101</size>
         <input_file_ref idref="fl-de"/>
      </object_component>
      <object_component id="oc-4dc">
         <name>.cinit..data.load</name>
         <load_address>0x36f0</load_address>
         <run_address>0x36f0</run_address>
         <size>0x73</size>
      </object_component>
      <object_component id="oc-4da">
         <name>__TI_handler_table</name>
         <load_address>0x3764</load_address>
         <run_address>0x3764</run_address>
         <size>0xc</size>
      </object_component>
      <object_component id="oc-4dd">
         <name>.cinit..bss.load</name>
         <load_address>0x3770</load_address>
         <run_address>0x3770</run_address>
         <size>0x8</size>
      </object_component>
      <object_component id="oc-4db">
         <name>__TI_cinit_table</name>
         <load_address>0x3778</load_address>
         <run_address>0x3778</run_address>
         <size>0x10</size>
      </object_component>
      <object_component id="oc-4ae">
         <name>.binit</name>
         <load_address>0x0</load_address>
         <run_address>0x0</run_address>
         <size>0x0</size>
      </object_component>
      <object_component id="oc-d8">
         <name>.data</name>
         <load_address>0x200008b6</load_address>
         <run_address>0x200008b6</run_address>
         <size>0x1</size>
         <input_file_ref idref="fl-5"/>
      </object_component>
      <object_component id="oc-c5">
         <name>.data</name>
         <load_address>0x200008b4</load_address>
         <run_address>0x200008b4</run_address>
         <size>0x2</size>
         <input_file_ref idref="fl-8"/>
      </object_component>
      <object_component id="oc-259">
         <name>.data</name>
         <load_address>0x200008a8</load_address>
         <run_address>0x200008a8</run_address>
         <size>0x8</size>
         <input_file_ref idref="fl-a"/>
      </object_component>
      <object_component id="oc-157">
         <name>.data</name>
         <load_address>0x200008b0</load_address>
         <run_address>0x200008b0</run_address>
         <size>0x4</size>
         <input_file_ref idref="fl-b"/>
      </object_component>
      <object_component id="oc-1b2">
         <name>.data:$O1$$</name>
         <load_address>0x20000888</load_address>
         <run_address>0x20000888</run_address>
         <size>0xc</size>
         <input_file_ref idref="fl-da"/>
      </object_component>
      <object_component id="oc-17b">
         <name>.data:$O1$$</name>
         <load_address>0x20000894</load_address>
         <run_address>0x20000894</run_address>
         <size>0x8</size>
         <input_file_ref idref="fl-db"/>
      </object_component>
      <object_component id="oc-17e">
         <name>.data:_ftable</name>
         <load_address>0x200006c0</load_address>
         <run_address>0x200006c0</run_address>
         <size>0xf0</size>
         <input_file_ref idref="fl-df"/>
      </object_component>
      <object_component id="oc-3e3">
         <name>.data</name>
         <load_address>0x20000878</load_address>
         <run_address>0x20000878</run_address>
         <size>0x10</size>
         <input_file_ref idref="fl-df"/>
      </object_component>
      <object_component id="oc-419">
         <name>.data:$O1$$</name>
         <load_address>0x2000089c</load_address>
         <run_address>0x2000089c</run_address>
         <size>0x8</size>
         <input_file_ref idref="fl-e2"/>
      </object_component>
      <object_component id="oc-3b3">
         <name>.data:_device</name>
         <load_address>0x200007b0</load_address>
         <run_address>0x200007b0</run_address>
         <size>0x78</size>
         <input_file_ref idref="fl-e7"/>
      </object_component>
      <object_component id="oc-372">
         <name>.data:_stream</name>
         <load_address>0x20000828</load_address>
         <run_address>0x20000828</run_address>
         <size>0x50</size>
         <input_file_ref idref="fl-e7"/>
      </object_component>
      <object_component id="oc-2de">
         <name>.data</name>
         <load_address>0x200008a4</load_address>
         <run_address>0x200008a4</run_address>
         <size>0x4</size>
         <input_file_ref idref="fl-e8"/>
      </object_component>
      <object_component id="oc-d5">
         <name>.bss</name>
         <uninitialized>true</uninitialized>
         <run_address>0x200006b8</run_address>
         <size>0x2</size>
         <input_file_ref idref="fl-5"/>
      </object_component>
      <object_component id="oc-467">
         <name>.bss:_CIOBUF_</name>
         <uninitialized>true</uninitialized>
         <run_address>0x20000400</run_address>
         <size>0x120</size>
         <input_file_ref idref="fl-fb"/>
      </object_component>
      <object_component id="oc-c8">
         <name>.common:noteCount</name>
         <uninitialized>true</uninitialized>
         <run_address>0x200006ba</run_address>
         <size>0x2</size>
      </object_component>
      <object_component id="oc-bf">
         <name>.common:notePeriods</name>
         <uninitialized>true</uninitialized>
         <run_address>0x2000069c</run_address>
         <size>0x14</size>
      </object_component>
      <object_component id="oc-c4">
         <name>.common:noteLengths</name>
         <uninitialized>true</uninitialized>
         <run_address>0x20000688</run_address>
         <size>0x14</size>
      </object_component>
      <object_component id="oc-117">
         <name>.common:lcdMessage</name>
         <uninitialized>true</uninitialized>
         <run_address>0x20000520</run_address>
         <size>0xc8</size>
      </object_component>
      <object_component id="oc-431">
         <name>.common:__TI_tmpnams</name>
         <uninitialized>true</uninitialized>
         <run_address>0x200005e8</run_address>
         <size>0xa0</size>
      </object_component>
      <object_component id="oc-442">
         <name>.common:parmbuf</name>
         <uninitialized>true</uninitialized>
         <run_address>0x200006b0</run_address>
         <size>0x8</size>
      </object_component>
      <object_component id="oc-29">
         <name>.sysmem</name>
         <uninitialized>true</uninitialized>
         <run_address>0x20000000</run_address>
         <size>0x10</size>
         <input_file_ref idref="fl-e2"/>
      </object_component>
      <object_component id="oc-4e0">
         <name>.sysmem</name>
         <uninitialized>true</uninitialized>
         <run_address>0x20000000</run_address>
         <size>0x0</size>
      </object_component>
      <object_component id="oc-2c">
         <name>.stack</name>
         <uninitialized>true</uninitialized>
         <run_address>0x2003fe00</run_address>
         <size>0x4</size>
         <input_file_ref idref="fl-e5"/>
      </object_component>
      <object_component id="oc-4df">
         <name>.stack</name>
         <uninitialized>true</uninitialized>
         <run_address>0x2003fe00</run_address>
         <size>0x0</size>
      </object_component>
      <object_component id="oc-199">
         <name>.debug_info</name>
         <load_address>0x0</load_address>
         <run_address>0x0</run_address>
         <size>0x51f</size>
         <input_file_ref idref="fl-2"/>
      </object_component>
      <object_component id="oc-106">
         <name>.debug_info</name>
         <load_address>0x51f</load_address>
         <run_address>0x51f</run_address>
         <size>0x148</size>
         <input_file_ref idref="fl-2"/>
      </object_component>
      <object_component id="oc-24a">
         <name>.debug_info</name>
         <load_address>0x667</load_address>
         <run_address>0x667</run_address>
         <size>0x3a81</size>
         <input_file_ref idref="fl-2"/>
      </object_component>
      <object_component id="oc-de">
         <name>.debug_info</name>
         <load_address>0x40e8</load_address>
         <run_address>0x40e8</run_address>
         <size>0x26b</size>
         <input_file_ref idref="fl-2"/>
      </object_component>
      <object_component id="oc-162">
         <name>.debug_info</name>
         <load_address>0x4353</load_address>
         <run_address>0x4353</run_address>
         <size>0x1055</size>
         <input_file_ref idref="fl-2"/>
      </object_component>
      <object_component id="oc-35">
         <name>.debug_info</name>
         <load_address>0x53a8</load_address>
         <run_address>0x53a8</run_address>
         <size>0x84</size>
         <input_file_ref idref="fl-2"/>
      </object_component>
      <object_component id="oc-170">
         <name>.debug_info</name>
         <load_address>0x542c</load_address>
         <run_address>0x542c</run_address>
         <size>0x2a4</size>
         <input_file_ref idref="fl-2"/>
      </object_component>
      <object_component id="oc-ca">
         <name>.debug_info</name>
         <load_address>0x56d0</load_address>
         <run_address>0x56d0</run_address>
         <size>0xbb</size>
         <input_file_ref idref="fl-2"/>
      </object_component>
      <object_component id="oc-10c">
         <name>.debug_info</name>
         <load_address>0x578b</load_address>
         <run_address>0x578b</run_address>
         <size>0xfa</size>
         <input_file_ref idref="fl-3"/>
      </object_component>
      <object_component id="oc-1d0">
         <name>.debug_info</name>
         <load_address>0x5885</load_address>
         <run_address>0x5885</run_address>
         <size>0x5aa</size>
         <input_file_ref idref="fl-4"/>
      </object_component>
      <object_component id="oc-100">
         <name>.debug_info</name>
         <load_address>0x5e2f</load_address>
         <run_address>0x5e2f</run_address>
         <size>0x73e</size>
         <input_file_ref idref="fl-4"/>
      </object_component>
      <object_component id="oc-15d">
         <name>.debug_info</name>
         <load_address>0x656d</load_address>
         <run_address>0x656d</run_address>
         <size>0x3a81</size>
         <input_file_ref idref="fl-4"/>
      </object_component>
      <object_component id="oc-196">
         <name>.debug_info</name>
         <load_address>0x9fee</load_address>
         <run_address>0x9fee</run_address>
         <size>0x566</size>
         <input_file_ref idref="fl-5"/>
      </object_component>
      <object_component id="oc-d9">
         <name>.debug_info</name>
         <load_address>0xa554</load_address>
         <run_address>0xa554</run_address>
         <size>0xd6</size>
         <input_file_ref idref="fl-5"/>
      </object_component>
      <object_component id="oc-d6">
         <name>.debug_info</name>
         <load_address>0xa62a</load_address>
         <run_address>0xa62a</run_address>
         <size>0xd8</size>
         <input_file_ref idref="fl-5"/>
      </object_component>
      <object_component id="oc-77">
         <name>.debug_info</name>
         <load_address>0xa702</load_address>
         <run_address>0xa702</run_address>
         <size>0x1fc</size>
         <input_file_ref idref="fl-5"/>
      </object_component>
      <object_component id="oc-243">
         <name>.debug_info</name>
         <load_address>0xa8fe</load_address>
         <run_address>0xa8fe</run_address>
         <size>0x8b</size>
         <input_file_ref idref="fl-5"/>
      </object_component>
      <object_component id="oc-18f">
         <name>.debug_info</name>
         <load_address>0xa989</load_address>
         <run_address>0xa989</run_address>
         <size>0x2c</size>
         <input_file_ref idref="fl-5"/>
      </object_component>
      <object_component id="oc-c0">
         <name>.debug_info</name>
         <load_address>0xa9b5</load_address>
         <run_address>0xa9b5</run_address>
         <size>0x7ad</size>
         <input_file_ref idref="fl-6"/>
      </object_component>
      <object_component id="oc-a7">
         <name>.debug_info</name>
         <load_address>0xb162</load_address>
         <run_address>0xb162</run_address>
         <size>0x29e</size>
         <input_file_ref idref="fl-6"/>
      </object_component>
      <object_component id="oc-167">
         <name>.debug_info</name>
         <load_address>0xb400</load_address>
         <run_address>0xb400</run_address>
         <size>0x35</size>
         <input_file_ref idref="fl-6"/>
      </object_component>
      <object_component id="oc-c2">
         <name>.debug_info</name>
         <load_address>0xb435</load_address>
         <run_address>0xb435</run_address>
         <size>0x5a5</size>
         <input_file_ref idref="fl-8"/>
      </object_component>
      <object_component id="oc-c6">
         <name>.debug_info</name>
         <load_address>0xb9da</load_address>
         <run_address>0xb9da</run_address>
         <size>0xcf</size>
         <input_file_ref idref="fl-8"/>
      </object_component>
      <object_component id="oc-73">
         <name>.debug_info</name>
         <load_address>0xbaa9</load_address>
         <run_address>0xbaa9</run_address>
         <size>0x3e1</size>
         <input_file_ref idref="fl-8"/>
      </object_component>
      <object_component id="oc-7e">
         <name>.debug_info</name>
         <load_address>0xbe8a</load_address>
         <run_address>0xbe8a</run_address>
         <size>0x2bd</size>
         <input_file_ref idref="fl-9"/>
      </object_component>
      <object_component id="oc-27">
         <name>.debug_info</name>
         <load_address>0xc147</load_address>
         <run_address>0xc147</run_address>
         <size>0xe9</size>
         <input_file_ref idref="fl-9"/>
      </object_component>
      <object_component id="oc-6c">
         <name>.debug_info</name>
         <load_address>0xc230</load_address>
         <run_address>0xc230</run_address>
         <size>0x1b0</size>
         <input_file_ref idref="fl-9"/>
      </object_component>
      <object_component id="oc-25a">
         <name>.debug_info</name>
         <load_address>0xc3e0</load_address>
         <run_address>0xc3e0</run_address>
         <size>0xd3</size>
         <input_file_ref idref="fl-a"/>
      </object_component>
      <object_component id="oc-19b">
         <name>.debug_info</name>
         <load_address>0xc4b3</load_address>
         <run_address>0xc4b3</run_address>
         <size>0x2ab</size>
         <input_file_ref idref="fl-a"/>
      </object_component>
      <object_component id="oc-158">
         <name>.debug_info</name>
         <load_address>0xc75e</load_address>
         <run_address>0xc75e</run_address>
         <size>0xe2</size>
         <input_file_ref idref="fl-b"/>
      </object_component>
      <object_component id="oc-ba">
         <name>.debug_info</name>
         <load_address>0xc840</load_address>
         <run_address>0xc840</run_address>
         <size>0x254</size>
         <input_file_ref idref="fl-b"/>
      </object_component>
      <object_component id="oc-18e">
         <name>.debug_info</name>
         <load_address>0xca94</load_address>
         <run_address>0xca94</run_address>
         <size>0x3e5</size>
         <input_file_ref idref="fl-c5"/>
      </object_component>
      <object_component id="oc-189">
         <name>.debug_info</name>
         <load_address>0xce79</load_address>
         <run_address>0xce79</run_address>
         <size>0x157</size>
         <input_file_ref idref="fl-c5"/>
      </object_component>
      <object_component id="oc-182">
         <name>.debug_info</name>
         <load_address>0xcfd0</load_address>
         <run_address>0xcfd0</run_address>
         <size>0x166</size>
         <input_file_ref idref="fl-c5"/>
      </object_component>
      <object_component id="oc-d0">
         <name>.debug_info</name>
         <load_address>0xd136</load_address>
         <run_address>0xd136</run_address>
         <size>0x1ac</size>
         <input_file_ref idref="fl-c5"/>
      </object_component>
      <object_component id="oc-23c">
         <name>.debug_info</name>
         <load_address>0xd2e2</load_address>
         <run_address>0xd2e2</run_address>
         <size>0xb2</size>
         <input_file_ref idref="fl-c5"/>
      </object_component>
      <object_component id="oc-213">
         <name>.debug_info</name>
         <load_address>0xd394</load_address>
         <run_address>0xd394</run_address>
         <size>0x590</size>
         <input_file_ref idref="fl-c6"/>
      </object_component>
      <object_component id="oc-1e1">
         <name>.debug_info</name>
         <load_address>0xd924</load_address>
         <run_address>0xd924</run_address>
         <size>0x21e</size>
         <input_file_ref idref="fl-c6"/>
      </object_component>
      <object_component id="oc-2ab">
         <name>.debug_info</name>
         <load_address>0xdb42</load_address>
         <run_address>0xdb42</run_address>
         <size>0x1b3</size>
         <input_file_ref idref="fl-c6"/>
      </object_component>
      <object_component id="oc-2b1">
         <name>.debug_info</name>
         <load_address>0xdcf5</load_address>
         <run_address>0xdcf5</run_address>
         <size>0x21b</size>
         <input_file_ref idref="fl-c6"/>
      </object_component>
      <object_component id="oc-1ec">
         <name>.debug_info</name>
         <load_address>0xdf10</load_address>
         <run_address>0xdf10</run_address>
         <size>0x3c0</size>
         <input_file_ref idref="fl-c6"/>
      </object_component>
      <object_component id="oc-2b8">
         <name>.debug_info</name>
         <load_address>0xe2d0</load_address>
         <run_address>0xe2d0</run_address>
         <size>0x30a</size>
         <input_file_ref idref="fl-c6"/>
      </object_component>
      <object_component id="oc-2be">
         <name>.debug_info</name>
         <load_address>0xe5da</load_address>
         <run_address>0xe5da</run_address>
         <size>0x215</size>
         <input_file_ref idref="fl-c6"/>
      </object_component>
      <object_component id="oc-1f2">
         <name>.debug_info</name>
         <load_address>0xe7ef</load_address>
         <run_address>0xe7ef</run_address>
         <size>0x215</size>
         <input_file_ref idref="fl-c6"/>
      </object_component>
      <object_component id="oc-1f8">
         <name>.debug_info</name>
         <load_address>0xea04</load_address>
         <run_address>0xea04</run_address>
         <size>0x304</size>
         <input_file_ref idref="fl-c6"/>
      </object_component>
      <object_component id="oc-1fe">
         <name>.debug_info</name>
         <load_address>0xed08</load_address>
         <run_address>0xed08</run_address>
         <size>0x4b5</size>
         <input_file_ref idref="fl-c6"/>
      </object_component>
      <object_component id="oc-179">
         <name>.debug_info</name>
         <load_address>0xf1bd</load_address>
         <run_address>0xf1bd</run_address>
         <size>0x5f4</size>
         <input_file_ref idref="fl-c6"/>
      </object_component>
      <object_component id="oc-214">
         <name>.debug_info</name>
         <load_address>0xf7b1</load_address>
         <run_address>0xf7b1</run_address>
         <size>0x86</size>
         <input_file_ref idref="fl-c6"/>
      </object_component>
      <object_component id="oc-2ea">
         <name>.debug_info</name>
         <load_address>0xf837</load_address>
         <run_address>0xf837</run_address>
         <size>0x39</size>
         <input_file_ref idref="fl-c6"/>
      </object_component>
      <object_component id="oc-35b">
         <name>.debug_info</name>
         <load_address>0xf870</load_address>
         <run_address>0xf870</run_address>
         <size>0xb6</size>
         <input_file_ref idref="fl-c6"/>
      </object_component>
      <object_component id="oc-2ef">
         <name>.debug_info</name>
         <load_address>0xf926</load_address>
         <run_address>0xf926</run_address>
         <size>0x46</size>
         <input_file_ref idref="fl-c6"/>
      </object_component>
      <object_component id="oc-219">
         <name>.debug_info</name>
         <load_address>0xf96c</load_address>
         <run_address>0xf96c</run_address>
         <size>0x46</size>
         <input_file_ref idref="fl-c6"/>
      </object_component>
      <object_component id="oc-2e5">
         <name>.debug_info</name>
         <load_address>0xf9b2</load_address>
         <run_address>0xf9b2</run_address>
         <size>0x2c</size>
         <input_file_ref idref="fl-c6"/>
      </object_component>
      <object_component id="oc-1b0">
         <name>.debug_info</name>
         <load_address>0xf9de</load_address>
         <run_address>0xf9de</run_address>
         <size>0x333</size>
         <input_file_ref idref="fl-c7"/>
      </object_component>
      <object_component id="oc-114">
         <name>.debug_info</name>
         <load_address>0xfd11</load_address>
         <run_address>0xfd11</run_address>
         <size>0x1d1</size>
         <input_file_ref idref="fl-c7"/>
      </object_component>
      <object_component id="oc-1a5">
         <name>.debug_info</name>
         <load_address>0xfee2</load_address>
         <run_address>0xfee2</run_address>
         <size>0x18d</size>
         <input_file_ref idref="fl-c7"/>
      </object_component>
      <object_component id="oc-1aa">
         <name>.debug_info</name>
         <load_address>0x1006f</load_address>
         <run_address>0x1006f</run_address>
         <size>0x16d</size>
         <input_file_ref idref="fl-c7"/>
      </object_component>
      <object_component id="oc-314">
         <name>.debug_info</name>
         <load_address>0x101dc</load_address>
         <run_address>0x101dc</run_address>
         <size>0x383</size>
         <input_file_ref idref="fl-c8"/>
      </object_component>
      <object_component id="oc-236">
         <name>.debug_info</name>
         <load_address>0x1055f</load_address>
         <run_address>0x1055f</run_address>
         <size>0x1ea</size>
         <input_file_ref idref="fl-c8"/>
      </object_component>
      <object_component id="oc-312">
         <name>.debug_info</name>
         <load_address>0x10749</load_address>
         <run_address>0x10749</run_address>
         <size>0x3fc</size>
         <input_file_ref idref="fl-c9"/>
      </object_component>
      <object_component id="oc-230">
         <name>.debug_info</name>
         <load_address>0x10b45</load_address>
         <run_address>0x10b45</run_address>
         <size>0x2e2</size>
         <input_file_ref idref="fl-c9"/>
      </object_component>
      <object_component id="oc-f6">
         <name>.debug_info</name>
         <load_address>0x10e27</load_address>
         <run_address>0x10e27</run_address>
         <size>0x2c</size>
         <input_file_ref idref="fl-c9"/>
      </object_component>
      <object_component id="oc-36d">
         <name>.debug_info</name>
         <load_address>0x10e53</load_address>
         <run_address>0x10e53</run_address>
         <size>0x300</size>
         <input_file_ref idref="fl-ca"/>
      </object_component>
      <object_component id="oc-2fc">
         <name>.debug_info</name>
         <load_address>0x11153</load_address>
         <run_address>0x11153</run_address>
         <size>0x19c</size>
         <input_file_ref idref="fl-ca"/>
      </object_component>
      <object_component id="oc-3a8">
         <name>.debug_info</name>
         <load_address>0x112ef</load_address>
         <run_address>0x112ef</run_address>
         <size>0xbf</size>
         <input_file_ref idref="fl-ca"/>
      </object_component>
      <object_component id="oc-3a7">
         <name>.debug_info</name>
         <load_address>0x113ae</load_address>
         <run_address>0x113ae</run_address>
         <size>0x374</size>
         <input_file_ref idref="fl-cb"/>
      </object_component>
      <object_component id="oc-36a">
         <name>.debug_info</name>
         <load_address>0x11722</load_address>
         <run_address>0x11722</run_address>
         <size>0x20b</size>
         <input_file_ref idref="fl-cb"/>
      </object_component>
      <object_component id="oc-2a3">
         <name>.debug_info</name>
         <load_address>0x1192d</load_address>
         <run_address>0x1192d</run_address>
         <size>0x14c</size>
         <input_file_ref idref="fl-cc"/>
      </object_component>
      <object_component id="oc-1e5">
         <name>.debug_info</name>
         <load_address>0x11a79</load_address>
         <run_address>0x11a79</run_address>
         <size>0x128</size>
         <input_file_ref idref="fl-cd"/>
      </object_component>
      <object_component id="oc-28f">
         <name>.debug_info</name>
         <load_address>0x11ba1</load_address>
         <run_address>0x11ba1</run_address>
         <size>0x12a</size>
         <input_file_ref idref="fl-cd"/>
      </object_component>
      <object_component id="oc-289">
         <name>.debug_info</name>
         <load_address>0x11ccb</load_address>
         <run_address>0x11ccb</run_address>
         <size>0x13a</size>
         <input_file_ref idref="fl-ce"/>
      </object_component>
      <object_component id="oc-284">
         <name>.debug_info</name>
         <load_address>0x11e05</load_address>
         <run_address>0x11e05</run_address>
         <size>0x13a</size>
         <input_file_ref idref="fl-cf"/>
      </object_component>
      <object_component id="oc-293">
         <name>.debug_info</name>
         <load_address>0x11f3f</load_address>
         <run_address>0x11f3f</run_address>
         <size>0x12e</size>
         <input_file_ref idref="fl-d0"/>
      </object_component>
      <object_component id="oc-29f">
         <name>.debug_info</name>
         <load_address>0x1206d</load_address>
         <run_address>0x1206d</run_address>
         <size>0x12c</size>
         <input_file_ref idref="fl-d1"/>
      </object_component>
      <object_component id="oc-250">
         <name>.debug_info</name>
         <load_address>0x12199</load_address>
         <run_address>0x12199</run_address>
         <size>0x122</size>
         <input_file_ref idref="fl-d2"/>
      </object_component>
      <object_component id="oc-3c">
         <name>.debug_info</name>
         <load_address>0x122bb</load_address>
         <run_address>0x122bb</run_address>
         <size>0x119</size>
         <input_file_ref idref="fl-d3"/>
      </object_component>
      <object_component id="oc-9b">
         <name>.debug_info</name>
         <load_address>0x123d4</load_address>
         <run_address>0x123d4</run_address>
         <size>0x147</size>
         <input_file_ref idref="fl-d5"/>
      </object_component>
      <object_component id="oc-255">
         <name>.debug_info</name>
         <load_address>0x1251b</load_address>
         <run_address>0x1251b</run_address>
         <size>0x134</size>
         <input_file_ref idref="fl-d6"/>
      </object_component>
      <object_component id="oc-99">
         <name>.debug_info</name>
         <load_address>0x1264f</load_address>
         <run_address>0x1264f</run_address>
         <size>0x2d4</size>
         <input_file_ref idref="fl-d7"/>
      </object_component>
      <object_component id="oc-47">
         <name>.debug_info</name>
         <load_address>0x12923</load_address>
         <run_address>0x12923</run_address>
         <size>0x1d2</size>
         <input_file_ref idref="fl-d7"/>
      </object_component>
      <object_component id="oc-94">
         <name>.debug_info</name>
         <load_address>0x12af5</load_address>
         <run_address>0x12af5</run_address>
         <size>0x46</size>
         <input_file_ref idref="fl-d7"/>
      </object_component>
      <object_component id="oc-45">
         <name>.debug_info</name>
         <load_address>0x12b3b</load_address>
         <run_address>0x12b3b</run_address>
         <size>0x2a8</size>
         <input_file_ref idref="fl-d8"/>
      </object_component>
      <object_component id="oc-1f">
         <name>.debug_info</name>
         <load_address>0x12de3</load_address>
         <run_address>0x12de3</run_address>
         <size>0x1ea</size>
         <input_file_ref idref="fl-d8"/>
      </object_component>
      <object_component id="oc-40">
         <name>.debug_info</name>
         <load_address>0x12fcd</load_address>
         <run_address>0x12fcd</run_address>
         <size>0x46</size>
         <input_file_ref idref="fl-d8"/>
      </object_component>
      <object_component id="oc-8c">
         <name>.debug_info</name>
         <load_address>0x13013</load_address>
         <run_address>0x13013</run_address>
         <size>0x2c</size>
         <input_file_ref idref="fl-d8"/>
      </object_component>
      <object_component id="oc-8a">
         <name>.debug_info</name>
         <load_address>0x1303f</load_address>
         <run_address>0x1303f</run_address>
         <size>0x29e</size>
         <input_file_ref idref="fl-d9"/>
      </object_component>
      <object_component id="oc-1b">
         <name>.debug_info</name>
         <load_address>0x132dd</load_address>
         <run_address>0x132dd</run_address>
         <size>0x250</size>
         <input_file_ref idref="fl-d9"/>
      </object_component>
      <object_component id="oc-30">
         <name>.debug_info</name>
         <load_address>0x1352d</load_address>
         <run_address>0x1352d</run_address>
         <size>0x60</size>
         <input_file_ref idref="fl-d9"/>
      </object_component>
      <object_component id="oc-ef">
         <name>.debug_info</name>
         <load_address>0x1358d</load_address>
         <run_address>0x1358d</run_address>
         <size>0x46</size>
         <input_file_ref idref="fl-d9"/>
      </object_component>
      <object_component id="oc-85">
         <name>.debug_info</name>
         <load_address>0x135d3</load_address>
         <run_address>0x135d3</run_address>
         <size>0x39</size>
         <input_file_ref idref="fl-d9"/>
      </object_component>
      <object_component id="oc-1b6">
         <name>.debug_info</name>
         <load_address>0x1360c</load_address>
         <run_address>0x1360c</run_address>
         <size>0x3ad</size>
         <input_file_ref idref="fl-da"/>
      </object_component>
      <object_component id="oc-1b3">
         <name>.debug_info</name>
         <load_address>0x139b9</load_address>
         <run_address>0x139b9</run_address>
         <size>0x190</size>
         <input_file_ref idref="fl-da"/>
      </object_component>
      <object_component id="oc-11d">
         <name>.debug_info</name>
         <load_address>0x13b49</load_address>
         <run_address>0x13b49</run_address>
         <size>0x122</size>
         <input_file_ref idref="fl-da"/>
      </object_component>
      <object_component id="oc-122">
         <name>.debug_info</name>
         <load_address>0x13c6b</load_address>
         <run_address>0x13c6b</run_address>
         <size>0x184</size>
         <input_file_ref idref="fl-da"/>
      </object_component>
      <object_component id="oc-226">
         <name>.debug_info</name>
         <load_address>0x13def</load_address>
         <run_address>0x13def</run_address>
         <size>0x2c9</size>
         <input_file_ref idref="fl-db"/>
      </object_component>
      <object_component id="oc-17c">
         <name>.debug_info</name>
         <load_address>0x140b8</load_address>
         <run_address>0x140b8</run_address>
         <size>0x11e</size>
         <input_file_ref idref="fl-db"/>
      </object_component>
      <object_component id="oc-222">
         <name>.debug_info</name>
         <load_address>0x141d6</load_address>
         <run_address>0x141d6</run_address>
         <size>0x12e</size>
         <input_file_ref idref="fl-db"/>
      </object_component>
      <object_component id="oc-336">
         <name>.debug_info</name>
         <load_address>0x14304</load_address>
         <run_address>0x14304</run_address>
         <size>0x29c</size>
         <input_file_ref idref="fl-dc"/>
      </object_component>
      <object_component id="oc-29a">
         <name>.debug_info</name>
         <load_address>0x145a0</load_address>
         <run_address>0x145a0</run_address>
         <size>0x1da</size>
         <input_file_ref idref="fl-dc"/>
      </object_component>
      <object_component id="oc-280">
         <name>.debug_info</name>
         <load_address>0x1477a</load_address>
         <run_address>0x1477a</run_address>
         <size>0x2b9</size>
         <input_file_ref idref="fl-dd"/>
      </object_component>
      <object_component id="oc-1d9">
         <name>.debug_info</name>
         <load_address>0x14a33</load_address>
         <run_address>0x14a33</run_address>
         <size>0x17c</size>
         <input_file_ref idref="fl-dd"/>
      </object_component>
      <object_component id="oc-32e">
         <name>.debug_info</name>
         <load_address>0x14baf</load_address>
         <run_address>0x14baf</run_address>
         <size>0xf9</size>
         <input_file_ref idref="fl-de"/>
      </object_component>
      <object_component id="oc-27d">
         <name>.debug_info</name>
         <load_address>0x14ca8</load_address>
         <run_address>0x14ca8</run_address>
         <size>0x105</size>
         <input_file_ref idref="fl-de"/>
      </object_component>
      <object_component id="oc-22a">
         <name>.debug_info</name>
         <load_address>0x14dad</load_address>
         <run_address>0x14dad</run_address>
         <size>0x144</size>
         <input_file_ref idref="fl-df"/>
      </object_component>
      <object_component id="oc-17f">
         <name>.debug_info</name>
         <load_address>0x14ef1</load_address>
         <run_address>0x14ef1</run_address>
         <size>0x102</size>
         <input_file_ref idref="fl-df"/>
      </object_component>
      <object_component id="oc-3e4">
         <name>.debug_info</name>
         <load_address>0x14ff3</load_address>
         <run_address>0x14ff3</run_address>
         <size>0x18f</size>
         <input_file_ref idref="fl-df"/>
      </object_component>
      <object_component id="oc-2d6">
         <name>.debug_info</name>
         <load_address>0x15182</load_address>
         <run_address>0x15182</run_address>
         <size>0x2a7</size>
         <input_file_ref idref="fl-e0"/>
      </object_component>
      <object_component id="oc-201">
         <name>.debug_info</name>
         <load_address>0x15429</load_address>
         <run_address>0x15429</run_address>
         <size>0x1b8</size>
         <input_file_ref idref="fl-e0"/>
      </object_component>
      <object_component id="oc-36f">
         <name>.debug_info</name>
         <load_address>0x155e1</load_address>
         <run_address>0x155e1</run_address>
         <size>0x2a5</size>
         <input_file_ref idref="fl-e1"/>
      </object_component>
      <object_component id="oc-302">
         <name>.debug_info</name>
         <load_address>0x15886</load_address>
         <run_address>0x15886</run_address>
         <size>0x25d</size>
         <input_file_ref idref="fl-e1"/>
      </object_component>
      <object_component id="oc-81">
         <name>.debug_info</name>
         <load_address>0x15ae3</load_address>
         <run_address>0x15ae3</run_address>
         <size>0x3b2</size>
         <input_file_ref idref="fl-e2"/>
      </object_component>
      <object_component id="oc-2a">
         <name>.debug_info</name>
         <load_address>0x15e95</load_address>
         <run_address>0x15e95</run_address>
         <size>0x10c</size>
         <input_file_ref idref="fl-e2"/>
      </object_component>
      <object_component id="oc-41a">
         <name>.debug_info</name>
         <load_address>0x15fa1</load_address>
         <run_address>0x15fa1</run_address>
         <size>0x13f</size>
         <input_file_ref idref="fl-e2"/>
      </object_component>
      <object_component id="oc-39b">
         <name>.debug_info</name>
         <load_address>0x160e0</load_address>
         <run_address>0x160e0</run_address>
         <size>0x168</size>
         <input_file_ref idref="fl-e2"/>
      </object_component>
      <object_component id="oc-3cb">
         <name>.debug_info</name>
         <load_address>0x16248</load_address>
         <run_address>0x16248</run_address>
         <size>0x18e</size>
         <input_file_ref idref="fl-e2"/>
      </object_component>
      <object_component id="oc-3d2">
         <name>.debug_info</name>
         <load_address>0x163d6</load_address>
         <run_address>0x163d6</run_address>
         <size>0x19f</size>
         <input_file_ref idref="fl-e2"/>
      </object_component>
      <object_component id="oc-397">
         <name>.debug_info</name>
         <load_address>0x16575</load_address>
         <run_address>0x16575</run_address>
         <size>0x203</size>
         <input_file_ref idref="fl-e2"/>
      </object_component>
      <object_component id="oc-420">
         <name>.debug_info</name>
         <load_address>0x16778</load_address>
         <run_address>0x16778</run_address>
         <size>0x1db</size>
         <input_file_ref idref="fl-e2"/>
      </object_component>
      <object_component id="oc-3d7">
         <name>.debug_info</name>
         <load_address>0x16953</load_address>
         <run_address>0x16953</run_address>
         <size>0x299</size>
         <input_file_ref idref="fl-e2"/>
      </object_component>
      <object_component id="oc-ea">
         <name>.debug_info</name>
         <load_address>0x16bec</load_address>
         <run_address>0x16bec</run_address>
         <size>0xb2</size>
         <input_file_ref idref="fl-e2"/>
      </object_component>
      <object_component id="oc-e5">
         <name>.debug_info</name>
         <load_address>0x16c9e</load_address>
         <run_address>0x16c9e</run_address>
         <size>0x2c</size>
         <input_file_ref idref="fl-e2"/>
      </object_component>
[...]
      </symbol>
      <symbol id="sm-435">
         <name>__aeabi_cdrcmple</name>
         <value>0x2723</value>
         <object_component_ref idref="oc-28d"/>
      </symbol>
      <symbol id="sm-449">
         <name>__aeabi_ddiv</name>
         <value>0x1939</value>
         <object_component_ref idref="oc-288"/>
      </symbol>
      <symbol id="sm-454">
         <name>__aeabi_dmul</name>
         <value>0x1fd9</value>
         <object_component_ref idref="oc-283"/>
      </symbol>
      <symbol id="sm-45e">
         <name>__aeabi_d2iz</name>
         <value>0x3095</value>
         <object_component_ref idref="oc-292"/>
      </symbol>
      <symbol id="sm-468">
         <name>__aeabi_i2d</name>
         <value>0x33a9</value>
         <object_component_ref idref="oc-29d"/>
      </symbol>
      <symbol id="sm-471">
         <name>__aeabi_lmul</name>
         <value>0x3523</value>
         <object_component_ref idref="oc-24f"/>
      </symbol>
      <symbol id="sm-48c">
         <name>memcpy</name>
         <value>0x24dd</value>
         <object_component_ref idref="oc-3a"/>
      </symbol>
      <symbol id="sm-48d">
         <name>__aeabi_memcpy</name>
         <value>0x24dd</value>
         <object_component_ref idref="oc-3a"/>
      </symbol>
      <symbol id="sm-48e">
         <name>__aeabi_memcpy8</name>
         <value>0x24dd</value>
         <object_component_ref idref="oc-3a"/>
      </symbol>
      <symbol id="sm-48f">
         <name>__aeabi_memcpy4</name>
         <value>0x24dd</value>
         <object_component_ref idref="oc-3a"/>
      </symbol>
      <symbol id="sm-49f">
         <name>__aeabi_memset</name>
         <value>0x28af</value>
         <object_component_ref idref="oc-9a"/>
      </symbol>
      <symbol id="sm-4a0">
         <name>memset</name>
         <value>0x28b5</value>
         <object_component_ref idref="oc-9a"/>
      </symbol>
      <symbol id="sm-4a1">
         <name>__aeabi_memset8</name>
         <value>0x28af</value>
         <object_component_ref idref="oc-9a"/>
      </symbol>
      <symbol id="sm-4a2">
         <name>__aeabi_memset4</name>
         <value>0x28af</value>
         <object_component_ref idref="oc-9a"/>
      </symbol>
      <symbol id="sm-4a3">
         <name>__aeabi_memclr8</name>
         <value>0x28ad</value>
         <object_component_ref idref="oc-9a"/>
      </symbol>
      <symbol id="sm-4a4">
         <name>__aeabi_memclr4</name>
         <value>0x28ad</value>
         <object_component_ref idref="oc-9a"/>
      </symbol>
      <symbol id="sm-4a5">
         <name>__aeabi_memclr</name>
         <value>0x28ad</value>
         <object_component_ref idref="oc-9a"/>
      </symbol>
      <symbol id="sm-4b2">
         <name>__aeabi_uldivmod</name>
         <value>0x2579</value>
         <object_component_ref idref="oc-254"/>
      </symbol>
      <symbol id="sm-4c6">
         <name>__TI_zero_init_nomemset</name>
         <value>0x349d</value>
         <object_component_ref idref="oc-46"/>
      </symbol>
      <symbol id="sm-4dd">
         <name>__TI_decompress_none</name>
         <value>0x35a3</value>
         <object_component_ref idref="oc-1d"/>
      </symbol>
      <symbol id="sm-500">
         <name>__TI_decompress_lzss</name>
         <value>0x2b51</value>
         <object_component_ref idref="oc-17"/>
      </symbol>
      <symbol id="sm-526">
         <name>C$$EXIT</name>
         <value>0x35e5</value>
         <object_component_ref idref="oc-119"/>
      </symbol>
      <symbol id="sm-527">
         <name>abort</name>
         <value>0x35e5</value>
         <object_component_ref idref="oc-119"/>
      </symbol>
      <symbol id="sm-528">
         <name>__TI_dtors_ptr</name>
         <value>0x2000088c</value>
         <object_component_ref idref="oc-1b2"/>
      </symbol>
      <symbol id="sm-529">
         <name>__TI_cleanup_ptr</name>
         <value>0x20000888</value>
         <object_component_ref idref="oc-1b2"/>
      </symbol>
      <symbol id="sm-52a">
         <name>__TI_enable_exit_profile_output</name>
         <value>0x20000890</value>
         <object_component_ref idref="oc-1b2"/>
      </symbol>
      <symbol id="sm-52b">
         <name>exit</name>
         <value>0x304d</value>
         <object_component_ref idref="oc-11f"/>
      </symbol>
      <symbol id="sm-540">
         <name>_nop</name>
         <value>0xb33</value>
         <object_component_ref idref="oc-21e"/>
      </symbol>
      <symbol id="sm-541">
         <name>_lock</name>
         <value>0x20000894</value>
         <object_component_ref idref="oc-17b"/>
      </symbol>
      <symbol id="sm-542">
         <name>_unlock</name>
         <value>0x20000898</value>
         <object_component_ref idref="oc-17b"/>
      </symbol>
      <symbol id="sm-551">
         <name>__TI_ltoa</name>
         <value>0x2f0f</value>
         <object_component_ref idref="oc-297"/>
      </symbol>
      <symbol id="sm-567">
         <name>atoi</name>
         <value>0x3001</value>
         <object_component_ref idref="oc-1d7"/>
      </symbol>
      <symbol id="sm-572">
         <name>_ctypes_</name>
         <value>0x35e8</value>
         <object_component_ref idref="oc-27c"/>
      </symbol>
      <symbol id="sm-587">
         <name>__TI_tmpnams</name>
         <value>0x200005e8</value>
      </symbol>
      <symbol id="sm-588">
         <name>__aeabi_stdout</name>
         <value>0x20000880</value>
         <object_component_ref idref="oc-3e3"/>
      </symbol>
      <symbol id="sm-589">
         <name>__aeabi_stderr</name>
         <value>0x20000884</value>
         <object_component_ref idref="oc-3e3"/>
      </symbol>
      <symbol id="sm-58a">
         <name>__aeabi_stdin</name>
         <value>0x2000087c</value>
         <object_component_ref idref="oc-3e3"/>
      </symbol>
      <symbol id="sm-58b">
         <name>_ftable</name>
         <value>0x200006c0</value>
         <object_component_ref idref="oc-17e"/>
      </symbol>
      <symbol id="sm-58c">
         <name>__TI_ft_end</name>
         <value>0x20000878</value>
         <object_component_ref idref="oc-3e3"/>
      </symbol>
      <symbol id="sm-59c">
         <name>memccpy</name>
         <value>0x34d5</value>
         <object_component_ref idref="oc-200"/>
      </symbol>
      <symbol id="sm-5ac">
         <name>memchr</name>
         <value>0x347d</value>
         <object_component_ref idref="oc-2ff"/>
      </symbol>
      <symbol id="sm-635">
         <name>_sys_memory</name>
         <value>0x20000000</value>
         <object_component_ref idref="oc-29"/>
      </symbol>
      <symbol id="sm-636">
         <name>free</name>
         <value>0x21bd</value>
         <object_component_ref idref="oc-394"/>
      </symbol>
      <symbol id="sm-637">
         <name>memalign</name>
         <value>0x1ed9</value>
         <object_component_ref idref="oc-3d6"/>
      </symbol>
      <symbol id="sm-638">
         <name>malloc</name>
         <value>0x35d1</value>
         <object_component_ref idref="oc-39a"/>
      </symbol>
      <symbol id="sm-639">
         <name>aligned_alloc</name>
         <value>0x1ed9</value>
         <object_component_ref idref="oc-3d6"/>
      </symbol>
      <symbol id="sm-649">
         <name>strchr</name>
         <value>0x3553</value>
         <object_component_ref idref="oc-2ce"/>
      </symbol>
      <symbol id="sm-657">
         <name>strlen</name>
         <value>0x357d</value>
         <object_component_ref idref="oc-1d1"/>
      </symbol>
      <symbol id="sm-66a">
         <name>__stack</name>
         <value>0x2003fe00</value>
         <object_component_ref idref="oc-2c"/>
      </symbol>
      <symbol id="sm-66b">
         <name>_c_int00_noargs</name>
         <value>0x3345</value>
         <object_component_ref idref="oc-58"/>
      </symbol>
      <symbol id="sm-685">
         <name>write</name>
         <value>0x3455</value>
         <object_component_ref idref="oc-30b"/>
      </symbol>
      <symbol id="sm-696">
         <name>_stream</name>
         <value>0x20000828</value>
         <object_component_ref idref="oc-372"/>
      </symbol>
      <symbol id="sm-697">
         <name>_device</name>
         <value>0x200007b0</value>
         <object_component_ref idref="oc-3b3"/>
      </symbol>
      <symbol id="sm-6ad">
         <name>__aeabi_errno_addr</name>
         <value>0x35c9</value>
         <object_component_ref idref="oc-20c"/>
      </symbol>
      <symbol id="sm-6ae">
         <name>errno</name>
         <value>0x200008a4</value>
         <object_component_ref idref="oc-2de"/>
      </symbol>
      <symbol id="sm-6c7">
         <name>wcslen</name>
         <value>0x3591</value>
         <object_component_ref idref="oc-206"/>
      </symbol>
      <symbol id="sm-6e7">
         <name>frexpl</name>
         <value>0x2c21</value>
         <object_component_ref idref="oc-2c2"/>
      </symbol>
      <symbol id="sm-6e8">
         <name>frexp</name>
         <value>0x2c21</value>
         <object_component_ref idref="oc-2c2"/>
      </symbol>
      <symbol id="sm-705">
         <name>scalbn</name>
         <value>0x1dc9</value>
         <object_component_ref idref="oc-2c8"/>
      </symbol>
      <symbol id="sm-706">
         <name>scalbnl</name>
         <value>0x1dc9</value>
         <object_component_ref idref="oc-2c8"/>
      </symbol>
      <symbol id="sm-707">
         <name>ldexpl</name>
         <value>0x1dc9</value>
         <object_component_ref idref="oc-2c8"/>
      </symbol>
      <symbol id="sm-708">
         <name>ldexp</name>
         <value>0x1dc9</value>
         <object_component_ref idref="oc-2c8"/>
      </symbol>
      <symbol id="sm-718">
         <name>__TI_doflush</name>
         <value>0x2fb5</value>
         <object_component_ref idref="oc-305"/>
      </symbol>
      <symbol id="sm-728">
         <name>__TI_cleanup</name>
         <value>0x32dd</value>
         <object_component_ref idref="oc-3a0"/>
      </symbol>
      <symbol id="sm-73a">
         <name>fseek</name>
         <value>0x2c85</value>
         <object_component_ref idref="oc-360"/>
      </symbol>
      <symbol id="sm-744">
         <name>__aeabi_idiv0</name>
         <value>0x17fb</value>
         <object_component_ref idref="oc-316"/>
      </symbol>
      <symbol id="sm-745">
         <name>__aeabi_ldiv0</name>
         <value>0x17fb</value>
         <object_component_ref idref="oc-316"/>
      </symbol>
      <symbol id="sm-76d">
         <name>__TI_auto_init_nobinit_nopinit</name>
         <value>0x3165</value>
         <object_component_ref idref="oc-125"/>
      </symbol>
      <symbol id="sm-777">
         <name>_system_pre_init</name>
         <value>0x35e1</value>
         <object_component_ref idref="oc-a0"/>
      </symbol>
      <symbol id="sm-78a">
         <name>HOSTclose</name>
         <value>0x30dd</value>
         <object_component_ref idref="oc-3ef"/>
      </symbol>
      <symbol id="sm-79b">
         <name>HOSTlseek</name>
         <value>0x2ae9</value>
         <object_component_ref idref="oc-401"/>
      </symbol>
      <symbol id="sm-7ad">
         <name>parmbuf</name>
         <value>0x200006b0</value>
      </symbol>
      <symbol id="sm-7ae">
         <name>HOSTopen</name>
         <value>0x2d4d</value>
         <object_component_ref idref="oc-3e9"/>
      </symbol>
      <symbol id="sm-7bf">
         <name>HOSTread</name>
         <value>0x2e09</value>
         <object_component_ref idref="oc-3f5"/>
      </symbol>
      <symbol id="sm-7d0">
         <name>HOSTrename</name>
         <value>0x2a7d</value>
         <object_component_ref idref="oc-40d"/>
      </symbol>
      <symbol id="sm-7e1">
         <name>HOSTunlink</name>
         <value>0x3121</value>
         <object_component_ref idref="oc-407"/>
      </symbol>
      <symbol id="sm-7f2">
         <name>HOSTwrite</name>
         <value>0x2e61</value>
         <object_component_ref idref="oc-3fb"/>
      </symbol>
      <symbol id="sm-816">
         <name>__TI_readmsg</name>
         <value>0x3311</value>
         <object_component_ref idref="oc-43c"/>
      </symbol>
      <symbol id="sm-817">
         <name>C$$IO$$</name>
         <value>0x329b</value>
         <object_component_ref idref="oc-436"/>
      </symbol>
      <symbol id="sm-818">
         <name>__CIOBUF_</name>
         <value>0x20000400</value>
         <object_component_ref idref="oc-467"/>
      </symbol>
      <symbol id="sm-819">
         <name>__TI_writemsg</name>
         <value>0x326d</value>
         <object_component_ref idref="oc-436"/>
      </symbol>
      <symbol id="sm-82a">
         <name>lseek</name>
         <value>0x342d</value>
         <object_component_ref idref="oc-38c"/>
      </symbol>
      <symbol id="sm-834">
         <name>copysign</name>
         <value>0x34f1</value>
         <object_component_ref idref="oc-344"/>
      </symbol>
      <symbol id="sm-835">
         <name>copysignl</name>
         <value>0x34f1</value>
         <object_component_ref idref="oc-344"/>
      </symbol>
      <symbol id="sm-84a">
         <name>__TI_closefile</name>
         <value>0x2929</value>
         <object_component_ref idref="oc-3dd"/>
      </symbol>
      <symbol id="sm-86d">
         <name>finddevice</name>
         <value>0x3379</value>
         <object_component_ref idref="oc-485"/>
      </symbol>
      <symbol id="sm-86e">
         <name>getdevice</name>
         <value>0x31a9</value>
         <object_component_ref idref="oc-45d"/>
      </symbol>
      <symbol id="sm-87d">
         <name>strcmp</name>
         <value>0x353b</value>
         <object_component_ref idref="oc-49c"/>
      </symbol>
      <symbol id="sm-88b">
         <name>strcpy</name>
         <value>0x3569</value>
         <object_component_ref idref="oc-450"/>
      </symbol>
      <symbol id="sm-89b">
         <name>strncpy</name>
         <value>0x32a5</value>
         <object_component_ref idref="oc-47f"/>
      </symbol>
      <symbol id="sm-8b0">
         <name>close</name>
         <value>0x2dad</value>
         <object_component_ref idref="oc-425"/>
      </symbol>
      <symbol id="sm-8c0">
         <name>unlink</name>
         <value>0x33d9</value>
         <object_component_ref idref="oc-42b"/>
      </symbol>
      <symbol id="sm-8c1">
         <name>__TI_static_base__</name>
         <value>0x0</value>
      </symbol>
      <symbol id="sm-8c4">
         <name>__mpu_init</name>
         <value>0x0</value>
      </symbol>
      <symbol id="sm-8c5">
         <name>_system_post_cinit</name>
         <value>0x0</value>
      </symbol>
      <symbol id="sm-8c6">
         <name>NMI_Handler</name>
         <value>0x35bd</value>
      </symbol>
      <symbol id="sm-8c7">
         <name>HardFault_Handler</name>
         <value>0x35bd</value>
      </symbol>
      <symbol id="sm-8c8">
         <name>MemManage_Handler</name>
         <value>0x35bd</value>
      </symbol>
      <symbol id="sm-8c9">
         <name>BusFault_Handler</name>
         <value>0x35bd</value>
      </symbol>
      <symbol id="sm-8ca">
         <name>UsageFault_Handler</name>
         <value>0x35bd</value>
      </symbol>
      <symbol id="sm-8cb">
         <name>SVC_Handler</name>
         <value>0x35bd</value>
      </symbol>
      <symbol id="sm-8cc">
         <name>DebugMon_Handler</name>
         <value>0x35bd</value>
      </symbol>
      <symbol id="sm-8cd">
         <name>PendSV_Handler</name>
         <value>0x35bd</value>
      </symbol>
      <symbol id="sm-8ce">
         <name>SysTick_Handler</name>
         <value>0x35bd</value>
      </symbol>
      <symbol id="sm-8cf">
         <name>PSS_IRQHandler</name>
         <value>0x35bd</value>
      </symbol>
      <symbol id="sm-8d0">
         <name>CS_IRQHandler</name>
         <value>0x35bd</value>
      </symbol>
      <symbol id="sm-8d1">
         <name>PCM_IRQHandler</name>
         <value>0x35bd</value>
      </symbol>
      <symbol id="sm-8d2">
         <name>WDT_A_IRQHandler</name>
         <value>0x35bd</value>
      </symbol>
      <symbol id="sm-8d3">
         <name>FPU_IRQHandler</name>
         <value>0x35bd</value>
      </symbol>
      <symbol id="sm-8d4">
         <name>FLCTL_A_IRQHandler</name>
         <value>0x35bd</value>
      </symbol>
      <symbol id="sm-8d5">
         <name>COMP_E0_IRQHandler</name>
         <value>0x35bd</value>
      </symbol>
      <symbol id="sm-8d6">
         <name>COMP_E1_IRQHandler</name>
         <value>0x35bd</value>
      </symbol>
      <symbol id="sm-8d7">
         <name>TA0_0_IRQHandler</name>
         <value>0x35bd</value>
      </symbol>
      <symbol id="sm-8d8">
         <name>TA0_N_IRQHandler</name>
         <value>0x35bd</value>
      </symbol>
      <symbol id="sm-8d9">
         <name>TA1_0_IRQHandler</name>
         <value>0x35bd</value>
      </symbol>
      <symbol id="sm-8da">
         <name>TA1_N_IRQHandler</name>
         <value>0x15b5</value>
      </symbol>
      <symbol id="sm-8db">
         <name>TA2_0_IRQHandler</name>
         <value>0x35bd</value>
      </symbol>
      <symbol id="sm-8dc">
         <name>TA2_N_IRQHandler</name>
         <value>0x35bd</value>
      </symbol>
      <symbol id="sm-8dd">
         <name>EUSCIA0_IRQHandler</name>
         <value>0x35bd</value>
      </symbol>
      <symbol id="sm-8de">
         <name>EUSCIA1_IRQHandler</name>
         <value>0x35bd</value>
      </symbol>
      <symbol id="sm-8df">
         <name>EUSCIA2_IRQHandler</name>
         <value>0x35bd</value>
      </symbol>
      <symbol id="sm-8e0">
         <name>EUSCIB0_IRQHandler</name>
         <value>0x35bd</value>
      </symbol>
      <symbol id="sm-8e1">
         <name>EUSCIB2_IRQHandler</name>
         <value>0x35bd</value>
      </symbol>
      <symbol id="sm-8e2">
         <name>EUSCIB3_IRQHandler</name>
         <value>0x35bd</value>
      </symbol>
      <symbol id="sm-8e3">
         <name>ADC14_IRQHandler</name>
         <value>0x1c2f</value>
      </symbol>
      <symbol id="sm-8e4">
         <name>T32_INT1_IRQHandler</name>
         <value>0x35bd</value>
      </symbol>
      <symbol id="sm-8e5">
         <name>T32_INT2_IRQHandler</name>
         <value>0x35bd</value>
      </symbol>
      <symbol id="sm-8e6">
         <name>T32_INTC_IRQHandler</name>
         <value>0x35bd</value>
      </symbol>
      <symbol id="sm-8e7">
         <name>AES256_IRQHandler</name>
         <value>0x35bd</value>
      </symbol>
      <symbol id="sm-8e8">
         <name>RTC_C_IRQHandler</name>
         <value>0x35bd</value>
      </symbol>
      <symbol id="sm-8e9">
         <name>DMA_ERR_IRQHandler</name>
         <value>0x35bd</value>
      </symbol>
      <symbol id="sm-8ea">
         <name>DMA_INT3_IRQHandler</name>
         <value>0x35bd</value>
      </symbol>
      <symbol id="sm-8eb">
         <name>DMA_INT2_IRQHandler</name>
         <value>0x35bd</value>
      </symbol>
      <symbol id="sm-8ec">
         <name>DMA_INT1_IRQHandler</name>
         <value>0x35bd</value>
      </symbol>
      <symbol id="sm-8ed">
         <name>DMA_INT0_IRQHandler</name>
         <value>0x35bd</value>
      </symbol>
      <symbol id="sm-8ee">
         <name>PORT1_IRQHandler</name>
         <value>0x35bd</value>
      </symbol>
      <symbol id="sm-8ef">
         <name>PORT2_IRQHandler</name>
         <value>0x35bd</value>
      </symbol>
      <symbol id="sm-8f0">
         <name>PORT3_IRQHandler</name>
         <value>0x35bd</value>
      </symbol>
      <symbol id="sm-8f1">
         <name>PORT4_IRQHandler</name>
         <value>0x35bd</value>
      </symbol>
      <symbol id="sm-8f2">
         <name>PORT5_IRQHandler</name>
         <value>0x35bd</value>
      </symbol>
      <symbol id="sm-8f3">
         <name>PORT6_IRQHandler</name>
         <value>0x35bd</value>
      </symbol>
      <symbol id="sm-8f4">
         <name>remove</name>
         <value>0x33d9</value>
      </symbol>
   </symbol_table>
   <title>Link successful</title>
</link_info>
